Component: ARM Compiler 5.06 update 5 (build 528) Tool: armlink [4d35e2]

==============================================================================

Section Cross References

    startup_stm32f427xx.o(RESET) refers to startup_stm32f427xx.o(STACK) for __initial_sp
    startup_stm32f427xx.o(RESET) refers to startup_stm32f427xx.o(.text) for Reset_Handler
    startup_stm32f427xx.o(RESET) refers to stm32f4xx_it.o(i.NMI_Handler) for NMI_Handler
    startup_stm32f427xx.o(RESET) refers to stm32f4xx_it.o(i.HardFault_Handler) for HardFault_Handler
    startup_stm32f427xx.o(RESET) refers to stm32f4xx_it.o(i.MemManage_Handler) for MemManage_Handler
    startup_stm32f427xx.o(RESET) refers to stm32f4xx_it.o(i.BusFault_Handler) for BusFault_Handler
    startup_stm32f427xx.o(RESET) refers to stm32f4xx_it.o(i.UsageFault_Handler) for UsageFault_Handler
    startup_stm32f427xx.o(RESET) refers to stm32f4xx_it.o(i.SVC_Handler) for SVC_Handler
    startup_stm32f427xx.o(RESET) refers to stm32f4xx_it.o(i.DebugMon_Handler) for DebugMon_Handler
    startup_stm32f427xx.o(RESET) refers to stm32f4xx_it.o(i.PendSV_Handler) for PendSV_Handler
    startup_stm32f427xx.o(RESET) refers to stm32f4xx_it.o(i.SysTick_Handler) for SysTick_Handler
    startup_stm32f427xx.o(RESET) refers to stm32f4xx_it.o(i.CAN1_TX_IRQHandler) for CAN1_TX_IRQHandler
    startup_stm32f427xx.o(RESET) refers to stm32f4xx_it.o(i.CAN1_RX0_IRQHandler) for CAN1_RX0_IRQHandler
    startup_stm32f427xx.o(RESET) refers to stm32f4xx_it.o(i.USART2_IRQHandler) for USART2_IRQHandler
    startup_stm32f427xx.o(RESET) refers to stm32f4xx_it.o(i.TIM6_DAC_IRQHandler) for TIM6_DAC_IRQHandler
    startup_stm32f427xx.o(RESET) refers to stm32f4xx_it.o(i.DMA2_Stream2_IRQHandler) for DMA2_Stream2_IRQHandler
    startup_stm32f427xx.o(RESET) refers to stm32f4xx_it.o(i.USART6_IRQHandler) for USART6_IRQHandler
    startup_stm32f427xx.o(.text) refers to system_stm32f4xx.o(i.SystemInit) for SystemInit
    startup_stm32f427xx.o(.text) refers to entry.o(.ARM.Collect$$$$00000000) for __main
    system_stm32f4xx.o(i.SystemCoreClockUpdate) refers to system_stm32f4xx.o(.data) for .data
    system_stm32f4xx.o(i.SystemCoreClockUpdate) refers to system_stm32f4xx.o(.constdata) for .constdata
    stm32f4xx_hal_cortex.o(i.HAL_NVIC_SetPriority) refers to stm32f4xx_hal_cortex.o(i.NVIC_SetPriority) for NVIC_SetPriority
    stm32f4xx_hal_cortex.o(i.HAL_SYSTICK_Config) refers to stm32f4xx_hal_cortex.o(i.NVIC_SetPriority) for NVIC_SetPriority
    stm32f4xx_hal_cortex.o(i.HAL_SYSTICK_IRQHandler) refers to stm32f4xx_hal_cortex.o(i.HAL_SYSTICK_Callback) for HAL_SYSTICK_Callback
    stm32f4xx_hal_flash.o(i.FLASH_SetErrorCode) refers to stm32f4xx_hal_flash.o(.bss) for .bss
    stm32f4xx_hal_flash.o(i.FLASH_WaitForLastOperation) refers to stm32f4xx_hal.o(i.HAL_GetTick) for HAL_GetTick
    stm32f4xx_hal_flash.o(i.FLASH_WaitForLastOperation) refers to stm32f4xx_hal_flash.o(i.FLASH_SetErrorCode) for FLASH_SetErrorCode
    stm32f4xx_hal_flash.o(i.FLASH_WaitForLastOperation) refers to stm32f4xx_hal_flash.o(.bss) for .bss
    stm32f4xx_hal_flash.o(i.HAL_FLASH_GetError) refers to stm32f4xx_hal_flash.o(.bss) for .bss
    stm32f4xx_hal_flash.o(i.HAL_FLASH_IRQHandler) refers to stm32f4xx_hal_flash.o(i.FLASH_SetErrorCode) for FLASH_SetErrorCode
    stm32f4xx_hal_flash.o(i.HAL_FLASH_IRQHandler) refers to stm32f4xx_hal_flash.o(i.HAL_FLASH_OperationErrorCallback) for HAL_FLASH_OperationErrorCallback
    stm32f4xx_hal_flash.o(i.HAL_FLASH_IRQHandler) refers to stm32f4xx_hal_flash.o(i.HAL_FLASH_EndOfOperationCallback) for HAL_FLASH_EndOfOperationCallback
    stm32f4xx_hal_flash.o(i.HAL_FLASH_IRQHandler) refers to stm32f4xx_hal_flash_ex.o(i.FLASH_Erase_Sector) for FLASH_Erase_Sector
    stm32f4xx_hal_flash.o(i.HAL_FLASH_IRQHandler) refers to stm32f4xx_hal_flash_ex.o(i.FLASH_FlushCaches) for FLASH_FlushCaches
    stm32f4xx_hal_flash.o(i.HAL_FLASH_IRQHandler) refers to stm32f4xx_hal_flash.o(.bss) for .bss
    stm32f4xx_hal_flash.o(i.HAL_FLASH_OB_Launch) refers to stm32f4xx_hal_flash.o(i.FLASH_WaitForLastOperation) for FLASH_WaitForLastOperation
    stm32f4xx_hal_flash.o(i.HAL_FLASH_Program) refers to stm32f4xx_hal_flash.o(i.FLASH_WaitForLastOperation) for FLASH_WaitForLastOperation
    stm32f4xx_hal_flash.o(i.HAL_FLASH_Program) refers to stm32f4xx_hal_flash.o(i.FLASH_Program_DoubleWord) for FLASH_Program_DoubleWord
    stm32f4xx_hal_flash.o(i.HAL_FLASH_Program) refers to stm32f4xx_hal_flash.o(i.FLASH_Program_Byte) for FLASH_Program_Byte
    stm32f4xx_hal_flash.o(i.HAL_FLASH_Program) refers to stm32f4xx_hal_flash.o(i.FLASH_Program_HalfWord) for FLASH_Program_HalfWord
    stm32f4xx_hal_flash.o(i.HAL_FLASH_Program) refers to stm32f4xx_hal_flash.o(i.FLASH_Program_Word) for FLASH_Program_Word
    stm32f4xx_hal_flash.o(i.HAL_FLASH_Program) refers to stm32f4xx_hal_flash.o(.bss) for .bss
    stm32f4xx_hal_flash.o(i.HAL_FLASH_Program_IT) refers to stm32f4xx_hal_flash.o(i.FLASH_Program_DoubleWord) for FLASH_Program_DoubleWord
[...]
    ..\Src\stm32f4xx_it.c                    0x00000000   Number         0  stm32f4xx_it.o ABSOLUTE
    ..\Src\system_stm32f4xx.c                0x00000000   Number         0  system_stm32f4xx.o ABSOLUTE
    ..\\Control\\Src\\can.c                  0x00000000   Number         0  can.o ABSOLUTE
    ..\\Control\\Src\\control.c              0x00000000   Number         0  control.o ABSOLUTE
    ..\\Control\\Src\\my_usart.c             0x00000000   Number         0  my_usart.o ABSOLUTE
    ..\\Control\\Src\\pid.c                  0x00000000   Number         0  pid.o ABSOLUTE
    ..\\Control\\Src\\timer.c                0x00000000   Number         0  timer.o ABSOLUTE
    ..\\Control\\mpu\\24iic.c                0x00000000   Number         0  24iic.o ABSOLUTE
    ..\\Control\\mpu\\32mpu6050.c            0x00000000   Number         0  32mpu6050.o ABSOLUTE
    ..\\Src\\main.c                          0x00000000   Number         0  main.o ABSOLUTE
    ..\\Src\\stm32f4xx_hal_msp.c             0x00000000   Number         0  stm32f4xx_hal_msp.o ABSOLUTE
    ..\\Src\\stm32f4xx_it.c                  0x00000000   Number         0  stm32f4xx_it.o ABSOLUTE
    dc.s                                     0x00000000   Number         0  dc.o ABSOLUTE
    handlers.s                               0x00000000   Number         0  handlers.o ABSOLUTE
    init.s                                   0x00000000   Number         0  init.o ABSOLUTE
    startup_stm32f427xx.s                    0x00000000   Number         0  startup_stm32f427xx.o ABSOLUTE
    RESET                                    0x08000000   Section      428  startup_stm32f427xx.o(RESET)
    .ARM.Collect$$$$00000000                 0x080001ac   Section        0  entry.o(.ARM.Collect$$$$00000000)
    .ARM.Collect$$$$00000001                 0x080001ac   Section        4  entry2.o(.ARM.Collect$$$$00000001)
    .ARM.Collect$$$$00000004                 0x080001b0   Section        4  entry5.o(.ARM.Collect$$$$00000004)
    .ARM.Collect$$$$00000008                 0x080001b4   Section        0  entry7b.o(.ARM.Collect$$$$00000008)
    .ARM.Collect$$$$0000000A                 0x080001b4   Section        0  entry8b.o(.ARM.Collect$$$$0000000A)
    .ARM.Collect$$$$0000000B                 0x080001b4   Section        8  entry9a.o(.ARM.Collect$$$$0000000B)
    .ARM.Collect$$$$0000000D                 0x080001bc   Section        0  entry10a.o(.ARM.Collect$$$$0000000D)
    .ARM.Collect$$$$0000000F                 0x080001bc   Section        0  entry11a.o(.ARM.Collect$$$$0000000F)
    .ARM.Collect$$$$00002712                 0x080001bc   Section        4  entry2.o(.ARM.Collect$$$$00002712)
    __lit__00000000                          0x080001bc   Data           4  entry2.o(.ARM.Collect$$$$00002712)
    .text                                    0x080001c0   Section       36  startup_stm32f427xx.o(.text)
    $v0                                      0x080001c0   Number         0  startup_stm32f427xx.o(.text)
    .text                                    0x080001e4   Section        0  uldiv.o(.text)
    .text                                    0x08000246   Section        0  dadd.o(.text)
    .text                                    0x08000394   Section        0  dmul.o(.text)
    .text                                    0x08000478   Section        0  ddiv.o(.text)
    .text                                    0x08000556   Section        0  dflti.o(.text)
    .text                                    0x08000578   Section        0  dfixi.o(.text)
    .text                                    0x080005b6   Section        0  llshl.o(.text)
    .text                                    0x080005d4   Section        0  llushr.o(.text)
    .text                                    0x080005f4   Section        0  llsshr.o(.text)
    .text                                    0x08000618   Section        0  iusefp.o(.text)
    .text                                    0x08000618   Section        0  depilogue.o(.text)
    .text                                    0x080006d4   Section       36  init.o(.text)
    i.ALLPID_Init                            0x080006f8   Section        0  pid.o(i.ALLPID_Init)
    i.BusFault_Handler                       0x0800079c   Section        0  stm32f4xx_it.o(i.BusFault_Handler)
    i.CAN1_Init                              0x080007a0   Section        0  can.o(i.CAN1_Init)
    i.CAN1_RX0_IRQHandler                    0x080007dc   Section        0  stm32f4xx_it.o(i.CAN1_RX0_IRQHandler)
    i.CAN1_TX_IRQHandler                     0x0800080c   Section        0  stm32f4xx_it.o(i.CAN1_TX_IRQHandler)
    i.CAN_Getdata                            0x08000818   Section        0  can.o(i.CAN_Getdata)
    i.Cloud_Position                         0x08000a84   Section        0  pid.o(i.Cloud_Position)
    i.Cloud_Speed                            0x08000af0   Section        0  pid.o(i.Cloud_Speed)
    i.DMA2_Stream2_IRQHandler                0x08000b38   Section        0  stm32f4xx_it.o(i.DMA2_Stream2_IRQHandler)
    i.DMA_CalcBaseAndBitshift                0x08000b4c   Section        0  stm32f4xx_hal_dma.o(i.DMA_CalcBaseAndBitshift)
    DMA_CalcBaseAndBitshift                  0x08000b4d   Thumb Code    38  stm32f4xx_hal_dma.o(i.DMA_CalcBaseAndBitshift)
    i.DMA_CheckFifoParam                     0x08000b78   Section        0  stm32f4xx_hal_dma.o(i.DMA_CheckFifoParam)
    DMA_CheckFifoParam                       0x08000b79   Thumb Code   120  stm32f4xx_hal_dma.o(i.DMA_CheckFifoParam)
    i.DMA_SetConfig                          0x08000bf0   Section        0  stm32f4xx_hal_dma.o(i.DMA_SetConfig)
    DMA_SetConfig                            0x08000bf1   Thumb Code    42  stm32f4xx_hal_dma.o(i.DMA_SetConfig)
    i.DebugMon_Handler                       0x08000c1a   Section        0  stm32f4xx_it.o(i.DebugMon_Handler)
    i.Gyro_OFFEST                            0x08000c1c   Section        0  32mpu6050.o(i.Gyro_OFFEST)
    i.HAL_CAN_ActivateNotification           0x08000c84   Section        0  stm32f4xx_hal_can.o(i.HAL_CAN_ActivateNotification)
    i.HAL_CAN_AddTxMessage                   0x08000cac   Section        0  stm32f4xx_hal_can.o(i.HAL_CAN_AddTxMessage)
    i.HAL_CAN_ConfigFilter                   0x08000d94   Section        0  stm32f4xx_hal_can.o(i.HAL_CAN_ConfigFilter)
    i.HAL_CAN_ErrorCallback                  0x08000ea4   Section        0  stm32f4xx_hal_can.o(i.HAL_CAN_ErrorCallback)
    i.HAL_CAN_GetRxMessage                   0x08000ea6   Section        0  stm32f4xx_hal_can.o(i.HAL_CAN_GetRxMessage)
    i.HAL_CAN_IRQHandler                     0x08000fba   Section        0  stm32f4xx_hal_can.o(i.HAL_CAN_IRQHandler)
    i.HAL_CAN_Init                           0x080011b6   Section        0  stm32f4xx_hal_can.o(i.HAL_CAN_Init)
    i.HAL_CAN_MspInit                        0x08001308   Section        0  stm32f4xx_hal_msp.o(i.HAL_CAN_MspInit)
    i.HAL_CAN_RxFifo0FullCallback            0x08001370   Section        0  stm32f4xx_hal_can.o(i.HAL_CAN_RxFifo0FullCallback)
    i.HAL_CAN_RxFifo0MsgPendingCallback      0x08001372   Section        0  stm32f4xx_hal_can.o(i.HAL_CAN_RxFifo0MsgPendingCallback)
    i.HAL_CAN_RxFifo1FullCallback            0x08001374   Section        0  stm32f4xx_hal_can.o(i.HAL_CAN_RxFifo1FullCallback)
    i.HAL_CAN_RxFifo1MsgPendingCallback      0x08001376   Section        0  stm32f4xx_hal_can.o(i.HAL_CAN_RxFifo1MsgPendingCallback)
    i.HAL_CAN_SleepCallback                  0x08001378   Section        0  stm32f4xx_hal_can.o(i.HAL_CAN_SleepCallback)
    i.HAL_CAN_Start                          0x0800137a   Section        0  stm32f4xx_hal_can.o(i.HAL_CAN_Start)
    i.HAL_CAN_TxMailbox0AbortCallback        0x080013d2   Section        0  stm32f4xx_hal_can.o(i.HAL_CAN_TxMailbox0AbortCallback)
    i.HAL_CAN_TxMailbox0CompleteCallback     0x080013d4   Section        0  stm32f4xx_hal_can.o(i.HAL_CAN_TxMailbox0CompleteCallback)
    i.HAL_CAN_TxMailbox1AbortCallback        0x080013d6   Section        0  stm32f4xx_hal_can.o(i.HAL_CAN_TxMailbox1AbortCallback)
    i.HAL_CAN_TxMailbox1CompleteCallback     0x080013d8   Section        0  stm32f4xx_hal_can.o(i.HAL_CAN_TxMailbox1CompleteCallback)
    i.HAL_CAN_TxMailbox2AbortCallback        0x080013da   Section        0  stm32f4xx_hal_can.o(i.HAL_CAN_TxMailbox2AbortCallback)
    i.HAL_CAN_TxMailbox2CompleteCallback     0x080013dc   Section        0  stm32f4xx_hal_can.o(i.HAL_CAN_TxMailbox2CompleteCallback)
    i.HAL_CAN_WakeUpFromRxMsgCallback        0x080013de   Section        0  stm32f4xx_hal_can.o(i.HAL_CAN_WakeUpFromRxMsgCallback)
    i.HAL_DMA_Abort_IT                       0x080013e0   Section        0  stm32f4xx_hal_dma.o(i.HAL_DMA_Abort_IT)
    i.HAL_DMA_IRQHandler                     0x08001404   Section        0  stm32f4xx_hal_dma.o(i.HAL_DMA_IRQHandler)
    i.HAL_DMA_Init                           0x080015d4   Section        0  stm32f4xx_hal_dma.o(i.HAL_DMA_Init)
    i.HAL_DMA_Start_IT                       0x080016a8   Section        0  stm32f4xx_hal_dma.o(i.HAL_DMA_Start_IT)
    i.HAL_Delay                              0x08001720   Section        0  stm32f4xx_hal.o(i.HAL_Delay)
    i.HAL_GPIO_Init                          0x08001744   Section        0  stm32f4xx_hal_gpio.o(i.HAL_GPIO_Init)
    i.HAL_GPIO_WritePin                      0x08001924   Section        0  stm32f4xx_hal_gpio.o(i.HAL_GPIO_WritePin)
    i.HAL_GetTick                            0x08001934   Section        0  stm32f4xx_hal.o(i.HAL_GetTick)
    i.HAL_IncTick                            0x08001940   Section        0  stm32f4xx_hal.o(i.HAL_IncTick)
    i.HAL_Init                               0x08001950   Section        0  stm32f4xx_hal.o(i.HAL_Init)
    i.HAL_InitTick                           0x08001984   Section        0  stm32f4xx_hal.o(i.HAL_InitTick)
    i.HAL_MspInit                            0x080019c8   Section        0  stm32f4xx_hal_msp.o(i.HAL_MspInit)
    i.HAL_MultiProcessor_Init                0x08001a4c   Section        0  stm32f4xx_hal_uart.o(i.HAL_MultiProcessor_Init)
    i.HAL_NVIC_EnableIRQ                     0x08001adc   Section        0  stm32f4xx_hal_cortex.o(i.HAL_NVIC_EnableIRQ)
    i.HAL_NVIC_SetPriority                   0x08001af4   Section        0  stm32f4xx_hal_cortex.o(i.HAL_NVIC_SetPriority)
    i.HAL_NVIC_SetPriorityGrouping           0x08001b34   Section        0  stm32f4xx_hal_cortex.o(i.HAL_NVIC_SetPriorityGrouping)
    i.HAL_RCC_ClockConfig                    0x08001b58   Section        0  stm32f4xx_hal_rcc.o(i.HAL_RCC_ClockConfig)
    i.HAL_RCC_GetHCLKFreq                    0x08001c9c   Section        0  stm32f4xx_hal_rcc.o(i.HAL_RCC_GetHCLKFreq)
    i.HAL_RCC_GetPCLK1Freq                   0x08001ca8   Section        0  stm32f4xx_hal_rcc.o(i.HAL_RCC_GetPCLK1Freq)
    i.HAL_RCC_GetPCLK2Freq                   0x08001cc8   Section        0  stm32f4xx_hal_rcc.o(i.HAL_RCC_GetPCLK2Freq)
    i.HAL_RCC_GetSysClockFreq                0x08001ce8   Section        0  stm32f4xx_hal_rcc.o(i.HAL_RCC_GetSysClockFreq)
    i.HAL_RCC_OscConfig                      0x08001d54   Section        0  stm32f4xx_hal_rcc.o(i.HAL_RCC_OscConfig)
    i.HAL_SYSTICK_CLKSourceConfig            0x080020e4   Section        0  stm32f4xx_hal_cortex.o(i.HAL_SYSTICK_CLKSourceConfig)
    i.HAL_SYSTICK_Callback                   0x08002100   Section        0  stm32f4xx_hal_cortex.o(i.HAL_SYSTICK_Callback)
    i.HAL_SYSTICK_Config                     0x08002102   Section        0  stm32f4xx_hal_cortex.o(i.HAL_SYSTICK_Config)
    i.HAL_SYSTICK_IRQHandler                 0x0800212a   Section        0  stm32f4xx_hal_cortex.o(i.HAL_SYSTICK_IRQHandler)
    i.HAL_TIMEx_BreakCallback                0x08002132   Section        0  stm32f4xx_hal_tim_ex.o(i.HAL_TIMEx_BreakCallback)
    i.HAL_TIMEx_CommutationCallback          0x08002134   Section        0  stm32f4xx_hal_tim_ex.o(i.HAL_TIMEx_CommutationCallback)
    i.HAL_TIMEx_MasterConfigSynchronization  0x08002136   Section        0  stm32f4xx_hal_tim_ex.o(i.HAL_TIMEx_MasterConfigSynchronization)
    i.HAL_TIM_Base_Init                      0x08002186   Section        0  stm32f4xx_hal_tim.o(i.HAL_TIM_Base_Init)
    i.HAL_TIM_Base_MspInit                   0x080021c0   Section        0  stm32f4xx_hal_msp.o(i.HAL_TIM_Base_MspInit)
    i.HAL_TIM_Base_Start_IT                  0x08002220   Section        0  stm32f4xx_hal_tim.o(i.HAL_TIM_Base_Start_IT)
    i.HAL_TIM_ConfigClockSource              0x08002238   Section        0  stm32f4xx_hal_tim.o(i.HAL_TIM_ConfigClockSource)
    i.HAL_TIM_IC_CaptureCallback             0x08002346   Section        0  stm32f4xx_hal_tim.o(i.HAL_TIM_IC_CaptureCallback)
    i.HAL_TIM_IRQHandler                     0x08002348   Section        0  stm32f4xx_hal_tim.o(i.HAL_TIM_IRQHandler)
    i.HAL_TIM_MspPostInit                    0x080024b8   Section        0  stm32f4xx_hal_msp.o(i.HAL_TIM_MspPostInit)
    i.HAL_TIM_OC_DelayElapsedCallback        0x08002510   Section        0  stm32f4xx_hal_tim.o(i.HAL_TIM_OC_DelayElapsedCallback)
    i.HAL_TIM_PWM_ConfigChannel              0x08002512   Section        0  stm32f4xx_hal_tim.o(i.HAL_TIM_PWM_ConfigChannel)
    i.HAL_TIM_PWM_Init                       0x080025ec   Section        0  stm32f4xx_hal_tim.o(i.HAL_TIM_PWM_Init)
    i.HAL_TIM_PWM_MspInit                    0x08002624   Section        0  stm32f4xx_hal_tim.o(i.HAL_TIM_PWM_MspInit)
    i.HAL_TIM_PWM_PulseFinishedCallback      0x08002626   Section        0  stm32f4xx_hal_tim.o(i.HAL_TIM_PWM_PulseFinishedCallback)
    i.HAL_TIM_PeriodElapsedCallback          0x08002628   Section        0  stm32f4xx_hal_tim.o(i.HAL_TIM_PeriodElapsedCallback)
    i.HAL_TIM_TriggerCallback                0x0800262a   Section        0  stm32f4xx_hal_tim.o(i.HAL_TIM_TriggerCallback)
    i.HAL_UART_ErrorCallback                 0x0800262c   Section        0  my_usart.o(i.HAL_UART_ErrorCallback)
    i.HAL_UART_GetState                      0x0800264c   Section        0  stm32f4xx_hal_uart.o(i.HAL_UART_GetState)
    i.HAL_UART_IRQHandler                    0x08002658   Section        0  stm32f4xx_hal_uart.o(i.HAL_UART_IRQHandler)
    i.HAL_UART_Init                          0x08002768   Section        0  stm32f4xx_hal_uart.o(i.HAL_UART_Init)
    i.HAL_UART_MspInit                       0x080027cc   Section        0  stm32f4xx_hal_msp.o(i.HAL_UART_MspInit)
    i.HAL_UART_Receive_DMA                   0x0800296c   Section        0  stm32f4xx_hal_uart.o(i.HAL_UART_Receive_DMA)
    i.HAL_UART_Receive_IT                    0x08002a08   Section        0  stm32f4xx_hal_uart.o(i.HAL_UART_Receive_IT)
    i.HAL_UART_RxCpltCallback                0x08002a54   Section        0  my_usart.o(i.HAL_UART_RxCpltCallback)
    i.HAL_UART_RxHalfCpltCallback            0x08002c30   Section        0  stm32f4xx_hal_uart.o(i.HAL_UART_RxHalfCpltCallback)
    i.HAL_UART_Transmit                      0x08002c32   Section        0  stm32f4xx_hal_uart.o(i.HAL_UART_Transmit)
    i.HAL_UART_TxCpltCallback                0x08002cfe   Section        0  stm32f4xx_hal_uart.o(i.HAL_UART_TxCpltCallback)
    i.HardFault_Handler                      0x08002d00   Section        0  stm32f4xx_it.o(i.HardFault_Handler)
    i.IIC_Ack                                0x08002d04   Section        0  24iic.o(i.IIC_Ack)
    i.IIC_Init                               0x08002d3c   Section        0  24iic.o(i.IIC_Init)
    i.IIC_NAck                               0x08002d80   Section        0  24iic.o(i.IIC_NAck)
    i.IIC_Read_Byte                          0x08002db8   Section        0  24iic.o(i.IIC_Read_Byte)
    i.IIC_Send_Byte                          0x08002e18   Section        0  24iic.o(i.IIC_Send_Byte)
    i.IIC_Start                              0x08002e70   Section        0  24iic.o(i.IIC_Start)
    i.IIC_Stop                               0x08002ea8   Section        0  24iic.o(i.IIC_Stop)
    i.IIC_Wait_Ack                           0x08002ee4   Section        0  24iic.o(i.IIC_Wait_Ack)
    i.MPU6050_Init                           0x08002f38   Section        0  32mpu6050.o(i.MPU6050_Init)
    i.MPU_Get_Accelerometer                  0x08002fb2   Section        0  32mpu6050.o(i.MPU_Get_Accelerometer)
    i.MPU_Get_Gyroscope                      0x08002ff6   Section        0  32mpu6050.o(i.MPU_Get_Gyroscope)
    i.MPU_Read_Byte                          0x0800303a   Section        0  32mpu6050.o(i.MPU_Read_Byte)
    i.MPU_Read_Len                           0x08003074   Section        0  32mpu6050.o(i.MPU_Read_Len)
    i.MPU_Set_Accel_Fsr                      0x080030e4   Section        0  32mpu6050.o(i.MPU_Set_Accel_Fsr)
    i.MPU_Set_Gyro_Fsr                       0x080030ee   Section        0  32mpu6050.o(i.MPU_Set_Gyro_Fsr)
    i.MPU_Set_LPF                            0x080030f8   Section        0  32mpu6050.o(i.MPU_Set_LPF)
    i.MPU_Set_Rate                           0x08003128   Section        0  32mpu6050.o(i.MPU_Set_Rate)
    i.MPU_Write_Byte                         0x08003154   Section        0  32mpu6050.o(i.MPU_Write_Byte)
    i.MX_CAN1_Init                           0x08003198   Section        0  main.o(i.MX_CAN1_Init)
    MX_CAN1_Init                             0x08003199   Thumb Code    64  main.o(i.MX_CAN1_Init)
    i.MX_DMA_Init                            0x080031f0   Section        0  main.o(i.MX_DMA_Init)
    MX_DMA_Init                              0x080031f1   Thumb Code    22  main.o(i.MX_DMA_Init)
    i.MX_GPIO_Init                           0x0800320c   Section        0  main.o(i.MX_GPIO_Init)
    MX_GPIO_Init                             0x0800320d   Thumb Code   142  main.o(i.MX_GPIO_Init)
    i.MX_NVIC_Init                           0x080032a4   Section        0  main.o(i.MX_NVIC_Init)
    MX_NVIC_Init                             0x080032a5   Thumb Code    54  main.o(i.MX_NVIC_Init)
    i.MX_TIM12_Init                          0x080032dc   Section        0  main.o(i.MX_TIM12_Init)
    MX_TIM12_Init                            0x080032dd   Thumb Code   154  main.o(i.MX_TIM12_Init)
    i.MX_TIM4_Init                           0x08003390   Section        0  main.o(i.MX_TIM4_Init)
    MX_TIM4_Init                             0x08003391   Thumb Code   156  main.o(i.MX_TIM4_Init)
    i.MX_TIM6_Init                           0x08003444   Section        0  main.o(i.MX_TIM6_Init)
    MX_TIM6_Init                             0x08003445   Thumb Code    66  main.o(i.MX_TIM6_Init)
    i.MX_UART4_Init                          0x080034a0   Section        0  main.o(i.MX_UART4_Init)
    MX_UART4_Init                            0x080034a1   Thumb Code    50  main.o(i.MX_UART4_Init)
    i.MX_USART1_UART_Init                    0x080034ec   Section        0  main.o(i.MX_USART1_UART_Init)
    MX_USART1_UART_Init                      0x080034ed   Thumb Code    52  main.o(i.MX_USART1_UART_Init)
    i.MX_USART2_UART_Init                    0x0800353c   Section        0  main.o(i.MX_USART2_UART_Init)
    MX_USART2_UART_Init                      0x0800353d   Thumb Code    54  main.o(i.MX_USART2_UART_Init)
    i.MX_USART6_UART_Init                    0x0800358c   Section        0  main.o(i.MX_USART6_UART_Init)
    MX_USART6_UART_Init                      0x0800358d   Thumb Code    54  main.o(i.MX_USART6_UART_Init)
    i.MemManage_Handler                      0x080035dc   Section        0  stm32f4xx_it.o(i.MemManage_Handler)
    i.NMI_Handler                            0x080035de   Section        0  stm32f4xx_it.o(i.NMI_Handler)
    i.NVIC_SetPriority                       0x080035e0   Section        0  stm32f4xx_hal_cortex.o(i.NVIC_SetPriority)
    NVIC_SetPriority                         0x080035e1   Thumb Code    32  stm32f4xx_hal_cortex.o(i.NVIC_SetPriority)
    i.PID_Calc                               0x08003600   Section        0  pid.o(i.PID_Calc)
    i.PID_Init                               0x080036e0   Section        0  pid.o(i.PID_Init)
    i.PendSV_Handler                         0x08003704   Section        0  stm32f4xx_it.o(i.PendSV_Handler)
    i.SVC_Handler                            0x08003706   Section        0  stm32f4xx_it.o(i.SVC_Handler)
    i.SysTick_Handler                        0x08003708   Section        0  stm32f4xx_it.o(i.SysTick_Handler)
    i.SystemClock_Config                     0x08003718   Section        0  main.o(i.SystemClock_Config)
    i.SystemInit                             0x080037d4   Section        0  system_stm32f4xx.o(i.SystemInit)
    i.TIM6_DAC_IRQHandler                    0x08003828   Section        0  stm32f4xx_it.o(i.TIM6_DAC_IRQHandler)
    i.TIM_Base_SetConfig                     0x0800383c   Section        0  stm32f4xx_hal_tim.o(i.TIM_Base_SetConfig)
    i.TIM_ETR_SetConfig                      0x08003900   Section        0  stm32f4xx_hal_tim.o(i.TIM_ETR_SetConfig)
    TIM_ETR_SetConfig                        0x08003901   Thumb Code    20  stm32f4xx_hal_tim.o(i.TIM_ETR_SetConfig)
    i.TIM_ITRx_SetConfig                     0x08003914   Section        0  stm32f4xx_hal_tim.o(i.TIM_ITRx_SetConfig)
    TIM_ITRx_SetConfig                       0x08003915   Thumb Code    16  stm32f4xx_hal_tim.o(i.TIM_ITRx_SetConfig)
    i.TIM_OC1_SetConfig                      0x08003924   Section        0  stm32f4xx_hal_tim.o(i.TIM_OC1_SetConfig)
    TIM_OC1_SetConfig                        0x08003925   Thumb Code    88  stm32f4xx_hal_tim.o(i.TIM_OC1_SetConfig)
    i.TIM_OC2_SetConfig                      0x08003984   Section        0  stm32f4xx_hal_tim.o(i.TIM_OC2_SetConfig)
    i.TIM_OC3_SetConfig                      0x080039f0   Section        0  stm32f4xx_hal_tim.o(i.TIM_OC3_SetConfig)
    TIM_OC3_SetConfig                        0x080039f1   Thumb Code    96  stm32f4xx_hal_tim.o(i.TIM_OC3_SetConfig)
    i.TIM_OC4_SetConfig                      0x08003a58   Section        0  stm32f4xx_hal_tim.o(i.TIM_OC4_SetConfig)
    TIM_OC4_SetConfig                        0x08003a59   Thumb Code    74  stm32f4xx_hal_tim.o(i.TIM_OC4_SetConfig)
    i.TIM_TI1_ConfigInputStage               0x08003aac   Section        0  stm32f4xx_hal_tim.o(i.TIM_TI1_ConfigInputStage)
    TIM_TI1_ConfigInputStage                 0x08003aad   Thumb Code    34  stm32f4xx_hal_tim.o(i.TIM_TI1_ConfigInputStage)
    i.TIM_TI2_ConfigInputStage               0x08003ace   Section        0  stm32f4xx_hal_tim.o(i.TIM_TI2_ConfigInputStage)
    TIM_TI2_ConfigInputStage                 0x08003acf   Thumb Code    36  stm32f4xx_hal_tim.o(i.TIM_TI2_ConfigInputStage)
    i.Test_task                              0x08003af4   Section        0  timer.o(i.Test_task)
    i.UART_DMAAbortOnError                   0x08003b68   Section        0  stm32f4xx_hal_uart.o(i.UART_DMAAbortOnError)
    UART_DMAAbortOnError                     0x08003b69   Thumb Code    16  stm32f4xx_hal_uart.o(i.UART_DMAAbortOnError)
    i.UART_DMAError                          0x08003b78   Section        0  stm32f4xx_hal_uart.o(i.UART_DMAError)
    UART_DMAError                            0x08003b79   Thumb Code    74  stm32f4xx_hal_uart.o(i.UART_DMAError)
    i.UART_DMAReceiveCplt                    0x08003bc2   Section        0  stm32f4xx_hal_uart.o(i.UART_DMAReceiveCplt)
    UART_DMAReceiveCplt                      0x08003bc3   Thumb Code    60  stm32f4xx_hal_uart.o(i.UART_DMAReceiveCplt)
    i.UART_DMARxHalfCplt                     0x08003bfe   Section        0  stm32f4xx_hal_uart.o(i.UART_DMARxHalfCplt)
    UART_DMARxHalfCplt                       0x08003bff   Thumb Code    10  stm32f4xx_hal_uart.o(i.UART_DMARxHalfCplt)
    i.UART_EndRxTransfer                     0x08003c08   Section        0  stm32f4xx_hal_uart.o(i.UART_EndRxTransfer)
    UART_EndRxTransfer                       0x08003c09   Thumb Code    28  stm32f4xx_hal_uart.o(i.UART_EndRxTransfer)
    i.UART_EndTransmit_IT                    0x08003c24   Section        0  stm32f4xx_hal_uart.o(i.UART_EndTransmit_IT)
    UART_EndTransmit_IT                      0x08003c25   Thumb Code    26  stm32f4xx_hal_uart.o(i.UART_EndTransmit_IT)
    i.UART_EndTxTransfer                     0x08003c3e   Section        0  stm32f4xx_hal_uart.o(i.UART_EndTxTransfer)
    UART_EndTxTransfer                       0x08003c3f   Thumb Code    18  stm32f4xx_hal_uart.o(i.UART_EndTxTransfer)
    i.UART_Receive_IT                        0x08003c50   Section        0  stm32f4xx_hal_uart.o(i.UART_Receive_IT)
    UART_Receive_IT                          0x08003c51   Thumb Code   146  stm32f4xx_hal_uart.o(i.UART_Receive_IT)
    i.UART_SetConfig                         0x08003ce4   Section        0  stm32f4xx_hal_uart.o(i.UART_SetConfig)
    UART_SetConfig                           0x08003ce5   Thumb Code   780  stm32f4xx_hal_uart.o(i.UART_SetConfig)
    i.UART_Transmit_IT                       0x08003ff8   Section        0  stm32f4xx_hal_uart.o(i.UART_Transmit_IT)
    UART_Transmit_IT                         0x08003ff9   Thumb Code   102  stm32f4xx_hal_uart.o(i.UART_Transmit_IT)
    i.UART_WaitOnFlagUntilTimeout            0x0800405e   Section        0  stm32f4xx_hal_uart.o(i.UART_WaitOnFlagUntilTimeout)
    UART_WaitOnFlagUntilTimeout              0x0800405f   Thumb Code   100  stm32f4xx_hal_uart.o(i.UART_WaitOnFlagUntilTimeout)
    i.USART2_IRQHandler                      0x080040c4   Section        0  stm32f4xx_it.o(i.USART2_IRQHandler)
    i.USART6_IRQHandler                      0x080040f0   Section        0  stm32f4xx_it.o(i.USART6_IRQHandler)
    i.UsageFault_Handler                     0x0800411c   Section        0  stm32f4xx_it.o(i.UsageFault_Handler)
    i._Error_Handler                         0x0800411e   Section        0  main.o(i._Error_Handler)
    i.__ARM_fpclassify                       0x08004120   Section        0  fpclassify.o(i.__ARM_fpclassify)
    i.__hardfp_atan                          0x08004150   Section        0  atan.o(i.__hardfp_atan)
    i.__kernel_poly                          0x08004428   Section        0  poly.o(i.__kernel_poly)
    i.__mathlib_dbl_infnan                   0x08004520   Section        0  dunder.o(i.__mathlib_dbl_infnan)
    i.__mathlib_dbl_underflow                0x08004538   Section        0  dunder.o(i.__mathlib_dbl_underflow)
    i.__scatterload_copy                     0x08004558   Section       14  handlers.o(i.__scatterload_copy)
    i.__scatterload_null                     0x08004566   Section        2  handlers.o(i.__scatterload_null)
    i.__scatterload_zeroinit                 0x08004568   Section       14  handlers.o(i.__scatterload_zeroinit)
    i.cloud_motor_output                     0x08004578   Section        0  can.o(i.cloud_motor_output)
    i.delay_us                               0x080045bc   Section        0  24iic.o(i.delay_us)
    i.fabs                                   0x080045ca   Section        0  fabs.o(i.fabs)
    i.get_mpu_data                           0x080045e4   Section        0  32mpu6050.o(i.get_mpu_data)
    i.main                                   0x08004664   Section        0  main.o(i.main)
    i.para_init                              0x08004714   Section        0  control.o(i.para_init)
    i.sendware                               0x080047dc   Section        0  my_usart.o(i.sendware)
    i.telecontroller_data                    0x08004824   Section        0  control.o(i.telecontroller_data)
    .constdata                               0x08004944   Section       16  system_stm32f4xx.o(.constdata)
    .constdata                               0x08004954   Section        8  system_stm32f4xx.o(.constdata)
    .constdata                               0x0800495c   Section        8  stm32f4xx_hal_dma.o(.constdata)
    flagBitshiftOffset                       0x0800495c   Data           8  stm32f4xx_hal_dma.o(.constdata)
    .constdata                               0x08004968   Section      152  atan.o(.constdata)
    atanhi                                   0x08004968   Data          32  atan.o(.constdata)
    atanlo                                   0x08004988   Data          32  atan.o(.constdata)
    aTodd                                    0x080049a8   Data          40  atan.o(.constdata)
    aTeven                                   0x080049d0   Data          48  atan.o(.constdata)
    .data                                    0x20000000   Section        4  system_stm32f4xx.o(.data)
    .data                                    0x20000004   Section       12  stm32f4xx_hal.o(.data)
    .data                                    0x20000010   Section        8  stm32f4xx_it.o(.data)
    aData                                    0x20000010   Data           8  stm32f4xx_it.o(.data)
    .data                                    0x20000018   Section       72  control.o(.data)
    .data                                    0x20000060   Section        3  control.o(.data)
    .data                                    0x20000063   Section        1  timer.o(.data)
    .data                                    0x20000064   Section       12  can.o(.data)
    .data                                    0x20000070   Section       16  my_usart.o(.data)
    .bss                                     0x20000080   Section      476  main.o(.bss)
    .bss                                     0x2000025c   Section       96  main.o(.bss)
    .bss                                     0x200002bc   Section      290  control.o(.bss)
    .bss                                     0x200003de   Section       14  control.o(.bss)
    .bss                                     0x200003ec   Section       24  can.o(.bss)
    .bss                                     0x20000404   Section       28  can.o(.bss)
    .bss                                     0x20000420   Section       10  my_usart.o(.bss)
    .bss                                     0x2000042c   Section      224  pid.o(.bss)
    .bss                                     0x2000050c   Section       72  32mpu6050.o(.bss)
    STACK                                    0x20000558   Section     1024  startup_stm32f427xx.o(STACK)

    Global Symbols

    Symbol Name                              Value     Ov Type        Size  Object(Section)

    BuildAttributes$$THM_ISAv4$E$P$D$K$B$S$7EM$VFPi3$EXTD16$VFPS$VFMA$PE$A:L22UL41UL21$X:L11$S22US41US21$IEEE1$IW$USESV6$~STKCKD$USESV7$~SHL$OTIME$ROPI$IEEEX$EBA8$MICROLIB$REQ8$PRES8$EABIv2 0x00000000   Number         0  anon$$obj.o ABSOLUTE
    __ARM_use_no_argv                        0x00000000   Number         0  main.o ABSOLUTE
    __cpp_initialize__aeabi_                  - Undefined Weak Reference
    __cxa_finalize                            - Undefined Weak Reference
    __decompress                              - Undefined Weak Reference
    _clock_init                               - Undefined Weak Reference
    _microlib_exit                            - Undefined Weak Reference
    __Vectors_Size                           0x000001ac   Number         0  startup_stm32f427xx.o ABSOLUTE
    __Vectors                                0x08000000   Data           4  startup_stm32f427xx.o(RESET)
    __Vectors_End                            0x080001ac   Data           0  startup_stm32f427xx.o(RESET)
    __main                                   0x080001ad   Thumb Code     0  entry.o(.ARM.Collect$$$$00000000)
    _main_stk                                0x080001ad   Thumb Code     0  entry2.o(.ARM.Collect$$$$00000001)
    _main_scatterload                        0x080001b1   Thumb Code     0  entry5.o(.ARM.Collect$$$$00000004)
    __main_after_scatterload                 0x080001b5   Thumb Code     0  entry5.o(.ARM.Collect$$$$00000004)
    _main_clock                              0x080001b5   Thumb Code     0  entry7b.o(.ARM.Collect$$$$00000008)
    _main_cpp_init                           0x080001b5   Thumb Code     0  entry8b.o(.ARM.Collect$$$$0000000A)
    _main_init                               0x080001b5   Thumb Code     0  entry9a.o(.ARM.Collect$$$$0000000B)
    __rt_final_cpp                           0x080001bd   Thumb Code     0  entry10a.o(.ARM.Collect$$$$0000000D)
    __rt_final_exit                          0x080001bd   Thumb Code     0  entry11a.o(.ARM.Collect$$$$0000000F)
    Reset_Handler                            0x080001c1   Thumb Code     8  startup_stm32f427xx.o(.text)
    ADC_IRQHandler                           0x080001db   Thumb Code     0  startup_stm32f427xx.o(.text)
    CAN1_RX1_IRQHandler                      0x080001db   Thumb Code     0  startup_stm32f427xx.o(.text)
    CAN1_SCE_IRQHandler                      0x080001db   Thumb Code     0  startup_stm32f427xx.o(.text)
    CAN2_RX0_IRQHandler                      0x080001db   Thumb Code     0  startup_stm32f427xx.o(.text)
    CAN2_RX1_IRQHandler                      0x080001db   Thumb Code     0  startup_stm32f427xx.o(.text)
    CAN2_SCE_IRQHandler                      0x080001db   Thumb Code     0  startup_stm32f427xx.o(.text)
    CAN2_TX_IRQHandler                       0x080001db   Thumb Code     0  startup_stm32f427xx.o(.text)
    DCMI_IRQHandler                          0x080001db   Thumb Code     0  startup_stm32f427xx.o(.text)
    DMA1_Stream0_IRQHandler                  0x080001db   Thumb Code     0  startup_stm32f427xx.o(.text)
    DMA1_Stream1_IRQHandler                  0x080001db   Thumb Code     0  startup_stm32f427xx.o(.text)
    DMA1_Stream2_IRQHandler                  0x080001db   Thumb Code     0  startup_stm32f427xx.o(.text)
    DMA1_Stream3_IRQHandler                  0x080001db   Thumb Code     0  startup_stm32f427xx.o(.text)
    DMA1_Stream4_IRQHandler                  0x080001db   Thumb Code     0  startup_stm32f427xx.o(.text)
    DMA1_Stream5_IRQHandler                  0x080001db   Thumb Code     0  startup_stm32f427xx.o(.text)
    DMA1_Stream6_IRQHandler                  0x080001db   Thumb Code     0  startup_stm32f427xx.o(.text)
    DMA1_Stream7_IRQHandler                  0x080001db   Thumb Code     0  startup_stm32f427xx.o(.text)
    DMA2D_IRQHandler                         0x080001db   Thumb Code     0  startup_stm32f427xx.o(.text)
    DMA2_Stream0_IRQHandler                  0x080001db   Thumb Code     0  startup_stm32f427xx.o(.text)
    DMA2_Stream1_IRQHandler                  0x080001db   Thumb Code     0  startup_stm32f427xx.o(.text)
    DMA2_Stream3_IRQHandler                  0x080001db   Thumb Code     0  startup_stm32f427xx.o(.text)
    DMA2_Stream4_IRQHandler                  0x080001db   Thumb Code     0  startup_stm32f427xx.o(.text)
    DMA2_Stream5_IRQHandler                  0x080001db   Thumb Code     0  startup_stm32f427xx.o(.text)
    DMA2_Stream6_IRQHandler                  0x080001db   Thumb Code     0  startup_stm32f427xx.o(.text)
    DMA2_Stream7_IRQHandler                  0x080001db   Thumb Code     0  startup_stm32f427xx.o(.text)
    ETH_IRQHandler                           0x080001db   Thumb Code     0  startup_stm32f427xx.o(.text)
    ETH_WKUP_IRQHandler                      0x080001db   Thumb Code     0  startup_stm32f427xx.o(.text)
    EXTI0_IRQHandler                         0x080001db   Thumb Code     0  startup_stm32f427xx.o(.text)
    EXTI15_10_IRQHandler                     0x080001db   Thumb Code     0  startup_stm32f427xx.o(.text)
    EXTI1_IRQHandler                         0x080001db   Thumb Code     0  startup_stm32f427xx.o(.text)
    EXTI2_IRQHandler                         0x080001db   Thumb Code     0  startup_stm32f427xx.o(.text)
    EXTI3_IRQHandler                         0x080001db   Thumb Code     0  startup_stm32f427xx.o(.text)
    EXTI4_IRQHandler                         0x080001db   Thumb Code     0  startup_stm32f427xx.o(.text)
    EXTI9_5_IRQHandler                       0x080001db   Thumb Code     0  startup_stm32f427xx.o(.text)
    FLASH_IRQHandler                         0x080001db   Thumb Code     0  startup_stm32f427xx.o(.text)
    FMC_IRQHandler                           0x080001db   Thumb Code     0  startup_stm32f427xx.o(.text)
    FPU_IRQHandler                           0x080001db   Thumb Code     0  startup_stm32f427xx.o(.text)
    HASH_RNG_IRQHandler                      0x080001db   Thumb Code     0  startup_stm32f427xx.o(.text)
    I2C1_ER_IRQHandler                       0x080001db   Thumb Code     0  startup_stm32f427xx.o(.text)
    I2C1_EV_IRQHandler                       0x080001db   Thumb Code     0  startup_stm32f427xx.o(.text)
    I2C2_ER_IRQHandler                       0x080001db   Thumb Code     0  startup_stm32f427xx.o(.text)
    I2C2_EV_IRQHandler                       0x080001db   Thumb Code     0  startup_stm32f427xx.o(.text)
    I2C3_ER_IRQHandler                       0x080001db   Thumb Code     0  startup_stm32f427xx.o(.text)
    I2C3_EV_IRQHandler                       0x080001db   Thumb Code     0  startup_stm32f427xx.o(.text)
    OTG_FS_IRQHandler                        0x080001db   Thumb Code     0  startup_stm32f427xx.o(.text)
    OTG_FS_WKUP_IRQHandler                   0x080001db   Thumb Code     0  startup_stm32f427xx.o(.text)
    OTG_HS_EP1_IN_IRQHandler                 0x080001db   Thumb Code     0  startup_stm32f427xx.o(.text)
    OTG_HS_EP1_OUT_IRQHandler                0x080001db   Thumb Code     0  startup_stm32f427xx.o(.text)
    OTG_HS_IRQHandler                        0x080001db   Thumb Code     0  startup_stm32f427xx.o(.text)
    OTG_HS_WKUP_IRQHandler                   0x080001db   Thumb Code     0  startup_stm32f427xx.o(.text)
    PVD_IRQHandler                           0x080001db   Thumb Code     0  startup_stm32f427xx.o(.text)
    RCC_IRQHandler                           0x080001db   Thumb Code     0  startup_stm32f427xx.o(.text)
    RTC_Alarm_IRQHandler                     0x080001db   Thumb Code     0  startup_stm32f427xx.o(.text)
    RTC_WKUP_IRQHandler                      0x080001db   Thumb Code     0  startup_stm32f427xx.o(.text)
    SAI1_IRQHandler                          0x080001db   Thumb Code     0  startup_stm32f427xx.o(.text)
    SDIO_IRQHandler                          0x080001db   Thumb Code     0  startup_stm32f427xx.o(.text)
    SPI1_IRQHandler                          0x080001db   Thumb Code     0  startup_stm32f427xx.o(.text)
    SPI2_IRQHandler                          0x080001db   Thumb Code     0  startup_stm32f427xx.o(.text)
    SPI3_IRQHandler                          0x080001db   Thumb Code     0  startup_stm32f427xx.o(.text)
    SPI4_IRQHandler                          0x080001db   Thumb Code     0  startup_stm32f427xx.o(.text)
    SPI5_IRQHandler                          0x080001db   Thumb Code     0  startup_stm32f427xx.o(.text)
    SPI6_IRQHandler                          0x080001db   Thumb Code     0  startup_stm32f427xx.o(.text)
    TAMP_STAMP_IRQHandler                    0x080001db   Thumb Code     0  startup_stm32f427xx.o(.text)
    TIM1_BRK_TIM9_IRQHandler                 0x080001db   Thumb Code     0  startup_stm32f427xx.o(.text)
    TIM1_CC_IRQHandler                       0x080001db   Thumb Code     0  startup_stm32f427xx.o(.text)
    TIM1_TRG_COM_TIM11_IRQHandler            0x080001db   Thumb Code     0  startup_stm32f427xx.o(.text)
    TIM1_UP_TIM10_IRQHandler                 0x080001db   Thumb Code     0  startup_stm32f427xx.o(.text)
    TIM2_IRQHandler                          0x080001db   Thumb Code     0  startup_stm32f427xx.o(.text)
    TIM3_IRQHandler                          0x080001db   Thumb Code     0  startup_stm32f427xx.o(.text)
    TIM4_IRQHandler                          0x080001db   Thumb Code     0  startup_stm32f427xx.o(.text)
    TIM5_IRQHandler                          0x080001db   Thumb Code     0  startup_stm32f427xx.o(.text)
    TIM7_IRQHandler                          0x080001db   Thumb Code     0  startup_stm32f427xx.o(.text)
    TIM8_BRK_TIM12_IRQHandler                0x080001db   Thumb Code     0  startup_stm32f427xx.o(.text)
    TIM8_CC_IRQHandler                       0x080001db   Thumb Code     0  startup_stm32f427xx.o(.text)
    TIM8_TRG_COM_TIM14_IRQHandler            0x080001db   Thumb Code     0  startup_stm32f427xx.o(.text)
    TIM8_UP_TIM13_IRQHandler                 0x080001db   Thumb Code     0  startup_stm32f427xx.o(.text)
    UART4_IRQHandler                         0x080001db   Thumb Code     0  startup_stm32f427xx.o(.text)
    UART5_IRQHandler                         0x080001db   Thumb Code     0  startup_stm32f427xx.o(.text)
    UART7_IRQHandler                         0x080001db   Thumb Code     0  startup_stm32f427xx.o(.text)
    UART8_IRQHandler                         0x080001db   Thumb Code     0  startup_stm32f427xx.o(.text)
    USART1_IRQHandler                        0x080001db   Thumb Code     0  startup_stm32f427xx.o(.text)
    USART3_IRQHandler                        0x080001db   Thumb Code     0  startup_stm32f427xx.o(.text)
    WWDG_IRQHandler                          0x080001db   Thumb Code     0  startup_stm32f427xx.o(.text)
    __aeabi_uldivmod                         0x080001e5   Thumb Code    98  uldiv.o(.text)
    __aeabi_dadd                             0x08000247   Thumb Code   322  dadd.o(.text)
    __aeabi_dsub                             0x08000389   Thumb Code     6  dadd.o(.text)
    __aeabi_drsub                            0x0800038f   Thumb Code     6  dadd.o(.text)
    __aeabi_dmul                             0x08000395   Thumb Code   228  dmul.o(.text)
    __aeabi_ddiv                             0x08000479   Thumb Code   222  ddiv.o(.text)
    __aeabi_i2d                              0x08000557   Thumb Code    34  dflti.o(.text)
    __aeabi_d2iz                             0x08000579   Thumb Code    62  dfixi.o(.text)
    __aeabi_llsl                             0x080005b7   Thumb Code    30  llshl.o(.text)
    _ll_shift_l                              0x080005b7   Thumb Code     0  llshl.o(.text)
    __aeabi_llsr                             0x080005d5   Thumb Code    32  llushr.o(.text)
    _ll_ushift_r                             0x080005d5   Thumb Code     0  llushr.o(.text)
    __aeabi_lasr                             0x080005f5   Thumb Code    36  llsshr.o(.text)
    _ll_sshift_r                             0x080005f5   Thumb Code     0  llsshr.o(.text)
    __I$use$fp                               0x08000619   Thumb Code     0  iusefp.o(.text)
    _double_round                            0x08000619   Thumb Code    30  depilogue.o(.text)
    _double_epilogue                         0x08000637   Thumb Code   156  depilogue.o(.text)
    __scatterload                            0x080006d5   Thumb Code    28  init.o(.text)
    __scatterload_rt2                        0x080006d5   Thumb Code     0  init.o(.text)
    ALLPID_Init                              0x080006f9   Thumb Code   132  pid.o(i.ALLPID_Init)
    BusFault_Handler                         0x0800079d   Thumb Code     2  stm32f4xx_it.o(i.BusFault_Handler)
    CAN1_Init                                0x080007a1   Thumb Code    56  can.o(i.CAN1_Init)
    CAN1_RX0_IRQHandler                      0x080007dd   Thumb Code    34  stm32f4xx_it.o(i.CAN1_RX0_IRQHandler)
    CAN1_TX_IRQHandler                       0x0800080d   Thumb Code     6  stm32f4xx_it.o(i.CAN1_TX_IRQHandler)
    CAN_Getdata                              0x08000819   Thumb Code   608  can.o(i.CAN_Getdata)
    Cloud_Position                           0x08000a85   Thumb Code    90  pid.o(i.Cloud_Position)
    Cloud_Speed                              0x08000af1   Thumb Code    62  pid.o(i.Cloud_Speed)
    DMA2_Stream2_IRQHandler                  0x08000b39   Thumb Code    16  stm32f4xx_it.o(i.DMA2_Stream2_IRQHandler)
    DebugMon_Handler                         0x08000c1b   Thumb Code     2  stm32f4xx_it.o(i.DebugMon_Handler)
    Gyro_OFFEST                              0x08000c1d   Thumb Code   100  32mpu6050.o(i.Gyro_OFFEST)
    HAL_CAN_ActivateNotification             0x08000c85   Thumb Code    40  stm32f4xx_hal_can.o(i.HAL_CAN_ActivateNotification)
    HAL_CAN_AddTxMessage                     0x08000cad   Thumb Code   232  stm32f4xx_hal_can.o(i.HAL_CAN_AddTxMessage)
    HAL_CAN_ConfigFilter                     0x08000d95   Thumb Code   266  stm32f4xx_hal_can.o(i.HAL_CAN_ConfigFilter)
    HAL_CAN_ErrorCallback                    0x08000ea5   Thumb Code     2  stm32f4xx_hal_can.o(i.HAL_CAN_ErrorCallback)
    HAL_CAN_GetRxMessage                     0x08000ea7   Thumb Code   276  stm32f4xx_hal_can.o(i.HAL_CAN_GetRxMessage)
    HAL_CAN_IRQHandler                       0x08000fbb   Thumb Code   508  stm32f4xx_hal_can.o(i.HAL_CAN_IRQHandler)
    HAL_CAN_Init                             0x080011b7   Thumb Code   338  stm32f4xx_hal_can.o(i.HAL_CAN_Init)
    HAL_CAN_MspInit                          0x08001309   Thumb Code    92  stm32f4xx_hal_msp.o(i.HAL_CAN_MspInit)
    HAL_CAN_RxFifo0FullCallback              0x08001371   Thumb Code     2  stm32f4xx_hal_can.o(i.HAL_CAN_RxFifo0FullCallback)
    HAL_CAN_RxFifo0MsgPendingCallback        0x08001373   Thumb Code     2  stm32f4xx_hal_can.o(i.HAL_CAN_RxFifo0MsgPendingCallback)
    HAL_CAN_RxFifo1FullCallback              0x08001375   Thumb Code     2  stm32f4xx_hal_can.o(i.HAL_CAN_RxFifo1FullCallback)
    HAL_CAN_RxFifo1MsgPendingCallback        0x08001377   Thumb Code     2  stm32f4xx_hal_can.o(i.HAL_CAN_RxFifo1MsgPendingCallback)
    HAL_CAN_SleepCallback                    0x08001379   Thumb Code     2  stm32f4xx_hal_can.o(i.HAL_CAN_SleepCallback)
    HAL_CAN_Start                            0x0800137b   Thumb Code    88  stm32f4xx_hal_can.o(i.HAL_CAN_Start)
    HAL_CAN_TxMailbox0AbortCallback          0x080013d3   Thumb Code     2  stm32f4xx_hal_can.o(i.HAL_CAN_TxMailbox0AbortCallback)
    HAL_CAN_TxMailbox0CompleteCallback       0x080013d5   Thumb Code     2  stm32f4xx_hal_can.o(i.HAL_CAN_TxMailbox0CompleteCallback)
    HAL_CAN_TxMailbox1AbortCallback          0x080013d7   Thumb Code     2  stm32f4xx_hal_can.o(i.HAL_CAN_TxMailbox1AbortCallback)
    HAL_CAN_TxMailbox1CompleteCallback       0x080013d9   Thumb Code     2  stm32f4xx_hal_can.o(i.HAL_CAN_TxMailbox1CompleteCallback)
    HAL_CAN_TxMailbox2AbortCallback          0x080013db   Thumb Code     2  stm32f4xx_hal_can.o(i.HAL_CAN_TxMailbox2AbortCallback)
    HAL_CAN_TxMailbox2CompleteCallback       0x080013dd   Thumb Code     2  stm32f4xx_hal_can.o(i.HAL_CAN_TxMailbox2CompleteCallback)
    HAL_CAN_WakeUpFromRxMsgCallback          0x080013df   Thumb Code     2  stm32f4xx_hal_can.o(i.HAL_CAN_WakeUpFromRxMsgCallback)
    HAL_DMA_Abort_IT                         0x080013e1   Thumb Code    36  stm32f4xx_hal_dma.o(i.HAL_DMA_Abort_IT)
    HAL_DMA_IRQHandler                       0x08001405   Thumb Code   460  stm32f4xx_hal_dma.o(i.HAL_DMA_IRQHandler)
    HAL_DMA_Init                             0x080015d5   Thumb Code   208  stm32f4xx_hal_dma.o(i.HAL_DMA_Init)
    HAL_DMA_Start_IT                         0x080016a9   Thumb Code   120  stm32f4xx_hal_dma.o(i.HAL_DMA_Start_IT)
    HAL_Delay                                0x08001721   Thumb Code    32  stm32f4xx_hal.o(i.HAL_Delay)
    HAL_GPIO_Init                            0x08001745   Thumb Code   426  stm32f4xx_hal_gpio.o(i.HAL_GPIO_Init)
    HAL_GPIO_WritePin                        0x08001925   Thumb Code    14  stm32f4xx_hal_gpio.o(i.HAL_GPIO_WritePin)
    HAL_GetTick                              0x08001935   Thumb Code     6  stm32f4xx_hal.o(i.HAL_GetTick)
    HAL_IncTick                              0x08001941   Thumb Code    12  stm32f4xx_hal.o(i.HAL_IncTick)
    HAL_Init                                 0x08001951   Thumb Code    48  stm32f4xx_hal.o(i.HAL_Init)
    HAL_InitTick                             0x08001985   Thumb Code    58  stm32f4xx_hal.o(i.HAL_InitTick)
    HAL_MspInit                              0x080019c9   Thumb Code   126  stm32f4xx_hal_msp.o(i.HAL_MspInit)
    HAL_MultiProcessor_Init                  0x08001a4d   Thumb Code   144  stm32f4xx_hal_uart.o(i.HAL_MultiProcessor_Init)
    HAL_NVIC_EnableIRQ                       0x08001add   Thumb Code    22  stm32f4xx_hal_cortex.o(i.HAL_NVIC_EnableIRQ)
    HAL_NVIC_SetPriority                     0x08001af5   Thumb Code    60  stm32f4xx_hal_cortex.o(i.HAL_NVIC_SetPriority)
    HAL_NVIC_SetPriorityGrouping             0x08001b35   Thumb Code    26  stm32f4xx_hal_cortex.o(i.HAL_NVIC_SetPriorityGrouping)
    HAL_RCC_ClockConfig                      0x08001b59   Thumb Code   308  stm32f4xx_hal_rcc.o(i.HAL_RCC_ClockConfig)
    HAL_RCC_GetHCLKFreq                      0x08001c9d   Thumb Code     6  stm32f4xx_hal_rcc.o(i.HAL_RCC_GetHCLKFreq)
    HAL_RCC_GetPCLK1Freq                     0x08001ca9   Thumb Code    22  stm32f4xx_hal_rcc.o(i.HAL_RCC_GetPCLK1Freq)
    HAL_RCC_GetPCLK2Freq                     0x08001cc9   Thumb Code    22  stm32f4xx_hal_rcc.o(i.HAL_RCC_GetPCLK2Freq)
    HAL_RCC_GetSysClockFreq                  0x08001ce9   Thumb Code    94  stm32f4xx_hal_rcc.o(i.HAL_RCC_GetSysClockFreq)
    HAL_RCC_OscConfig                        0x08001d55   Thumb Code   896  stm32f4xx_hal_rcc.o(i.HAL_RCC_OscConfig)
    HAL_SYSTICK_CLKSourceConfig              0x080020e5   Thumb Code    28  stm32f4xx_hal_cortex.o(i.HAL_SYSTICK_CLKSourceConfig)
    HAL_SYSTICK_Callback                     0x08002101   Thumb Code     2  stm32f4xx_hal_cortex.o(i.HAL_SYSTICK_Callback)
    HAL_SYSTICK_Config                       0x08002103   Thumb Code    40  stm32f4xx_hal_cortex.o(i.HAL_SYSTICK_Config)
    HAL_SYSTICK_IRQHandler                   0x0800212b   Thumb Code     8  stm32f4xx_hal_cortex.o(i.HAL_SYSTICK_IRQHandler)
    HAL_TIMEx_BreakCallback                  0x08002133   Thumb Code     2  stm32f4xx_hal_tim_ex.o(i.HAL_TIMEx_BreakCallback)
    HAL_TIMEx_CommutationCallback            0x08002135   Thumb Code     2  stm32f4xx_hal_tim_ex.o(i.HAL_TIMEx_CommutationCallback)
    HAL_TIMEx_MasterConfigSynchronization    0x08002137   Thumb Code    80  stm32f4xx_hal_tim_ex.o(i.HAL_TIMEx_MasterConfigSynchronization)
    HAL_TIM_Base_Init                        0x08002187   Thumb Code    56  stm32f4xx_hal_tim.o(i.HAL_TIM_Base_Init)
    HAL_TIM_Base_MspInit                     0x080021c1   Thumb Code    78  stm32f4xx_hal_msp.o(i.HAL_TIM_Base_MspInit)
    HAL_TIM_Base_Start_IT                    0x08002221   Thumb Code    24  stm32f4xx_hal_tim.o(i.HAL_TIM_Base_Start_IT)
    HAL_TIM_ConfigClockSource                0x08002239   Thumb Code   270  stm32f4xx_hal_tim.o(i.HAL_TIM_ConfigClockSource)
    HAL_TIM_IC_CaptureCallback               0x08002347   Thumb Code     2  stm32f4xx_hal_tim.o(i.HAL_TIM_IC_CaptureCallback)
    HAL_TIM_IRQHandler                       0x08002349   Thumb Code   366  stm32f4xx_hal_tim.o(i.HAL_TIM_IRQHandler)
    HAL_TIM_MspPostInit                      0x080024b9   Thumb Code    72  stm32f4xx_hal_msp.o(i.HAL_TIM_MspPostInit)
    HAL_TIM_OC_DelayElapsedCallback          0x08002511   Thumb Code     2  stm32f4xx_hal_tim.o(i.HAL_TIM_OC_DelayElapsedCallback)
    HAL_TIM_PWM_ConfigChannel                0x08002513   Thumb Code   218  stm32f4xx_hal_tim.o(i.HAL_TIM_PWM_ConfigChannel)
    HAL_TIM_PWM_Init                         0x080025ed   Thumb Code    56  stm32f4xx_hal_tim.o(i.HAL_TIM_PWM_Init)
    HAL_TIM_PWM_MspInit                      0x08002625   Thumb Code     2  stm32f4xx_hal_tim.o(i.HAL_TIM_PWM_MspInit)
    HAL_TIM_PWM_PulseFinishedCallback        0x08002627   Thumb Code     2  stm32f4xx_hal_tim.o(i.HAL_TIM_PWM_PulseFinishedCallback)
    HAL_TIM_PeriodElapsedCallback            0x08002629   Thumb Code     2  stm32f4xx_hal_tim.o(i.HAL_TIM_PeriodElapsedCallback)
    HAL_TIM_TriggerCallback                  0x0800262b   Thumb Code     2  stm32f4xx_hal_tim.o(i.HAL_TIM_TriggerCallback)
    HAL_UART_ErrorCallback                   0x0800262d   Thumb Code    26  my_usart.o(i.HAL_UART_ErrorCallback)
    HAL_UART_GetState                        0x0800264d   Thumb Code    12  stm32f4xx_hal_uart.o(i.HAL_UART_GetState)
    HAL_UART_IRQHandler                      0x08002659   Thumb Code   268  stm32f4xx_hal_uart.o(i.HAL_UART_IRQHandler)
    HAL_UART_Init                            0x08002769   Thumb Code   100  stm32f4xx_hal_uart.o(i.HAL_UART_Init)
    HAL_UART_MspInit                         0x080027cd   Thumb Code   342  stm32f4xx_hal_msp.o(i.HAL_UART_MspInit)
    HAL_UART_Receive_DMA                     0x0800296d   Thumb Code   142  stm32f4xx_hal_uart.o(i.HAL_UART_Receive_DMA)
    HAL_UART_Receive_IT                      0x08002a09   Thumb Code    76  stm32f4xx_hal_uart.o(i.HAL_UART_Receive_IT)
    HAL_UART_RxCpltCallback                  0x08002a55   Thumb Code   422  my_usart.o(i.HAL_UART_RxCpltCallback)
    HAL_UART_RxHalfCpltCallback              0x08002c31   Thumb Code     2  stm32f4xx_hal_uart.o(i.HAL_UART_RxHalfCpltCallback)
    HAL_UART_Transmit                        0x08002c33   Thumb Code   204  stm32f4xx_hal_uart.o(i.HAL_UART_Transmit)
    HAL_UART_TxCpltCallback                  0x08002cff   Thumb Code     2  stm32f4xx_hal_uart.o(i.HAL_UART_TxCpltCallback)
    HardFault_Handler                        0x08002d01   Thumb Code     2  stm32f4xx_it.o(i.HardFault_Handler)
    IIC_Ack                                  0x08002d05   Thumb Code    48  24iic.o(i.IIC_Ack)
    IIC_Init                                 0x08002d3d   Thumb Code    56  24iic.o(i.IIC_Init)
    IIC_NAck                                 0x08002d81   Thumb Code    48  24iic.o(i.IIC_NAck)
    IIC_Read_Byte                            0x08002db9   Thumb Code    86  24iic.o(i.IIC_Read_Byte)
    IIC_Send_Byte                            0x08002e19   Thumb Code    80  24iic.o(i.IIC_Send_Byte)
    IIC_Start                                0x08002e71   Thumb Code    48  24iic.o(i.IIC_Start)
    IIC_Stop                                 0x08002ea9   Thumb Code    50  24iic.o(i.IIC_Stop)
    IIC_Wait_Ack                             0x08002ee5   Thumb Code    74  24iic.o(i.IIC_Wait_Ack)
    MPU6050_Init                             0x08002f39   Thumb Code   122  32mpu6050.o(i.MPU6050_Init)
    MPU_Get_Accelerometer                    0x08002fb3   Thumb Code    68  32mpu6050.o(i.MPU_Get_Accelerometer)
    MPU_Get_Gyroscope                        0x08002ff7   Thumb Code    68  32mpu6050.o(i.MPU_Get_Gyroscope)
    MPU_Read_Byte                            0x0800303b   Thumb Code    58  32mpu6050.o(i.MPU_Read_Byte)
    MPU_Read_Len                             0x08003075   Thumb Code   112  32mpu6050.o(i.MPU_Read_Len)
    MPU_Set_Accel_Fsr                        0x080030e5   Thumb Code    10  32mpu6050.o(i.MPU_Set_Accel_Fsr)
    MPU_Set_Gyro_Fsr                         0x080030ef   Thumb Code    10  32mpu6050.o(i.MPU_Set_Gyro_Fsr)
    MPU_Set_LPF                              0x080030f9   Thumb Code    48  32mpu6050.o(i.MPU_Set_LPF)
    MPU_Set_Rate                             0x08003129   Thumb Code    44  32mpu6050.o(i.MPU_Set_Rate)
    MPU_Write_Byte                           0x08003155   Thumb Code    68  32mpu6050.o(i.MPU_Write_Byte)
    MemManage_Handler                        0x080035dd   Thumb Code     2  stm32f4xx_it.o(i.MemManage_Handler)
    NMI_Handler                              0x080035df   Thumb Code     2  stm32f4xx_it.o(i.NMI_Handler)
    PID_Calc                                 0x08003601   Thumb Code   208  pid.o(i.PID_Calc)
    PID_Init                                 0x080036e1   Thumb Code    30  pid.o(i.PID_Init)
    PendSV_Handler                           0x08003705   Thumb Code     2  stm32f4xx_it.o(i.PendSV_Handler)
    SVC_Handler                              0x08003707   Thumb Code     2  stm32f4xx_it.o(i.SVC_Handler)
    SysTick_Handler                          0x08003709   Thumb Code    14  stm32f4xx_it.o(i.SysTick_Handler)
    SystemClock_Config                       0x08003719   Thumb Code   164  main.o(i.SystemClock_Config)
    SystemInit                               0x080037d5   Thumb Code    66  system_stm32f4xx.o(i.SystemInit)
    TIM6_DAC_IRQHandler                      0x08003829   Thumb Code    16  stm32f4xx_it.o(i.TIM6_DAC_IRQHandler)
    TIM_Base_SetConfig                       0x0800383d   Thumb Code   152  stm32f4xx_hal_tim.o(i.TIM_Base_SetConfig)
    TIM_OC2_SetConfig                        0x08003985   Thumb Code    98  stm32f4xx_hal_tim.o(i.TIM_OC2_SetConfig)
    Test_task                                0x08003af5   Thumb Code    94  timer.o(i.Test_task)
    USART2_IRQHandler                        0x080040c5   Thumb Code    34  stm32f4xx_it.o(i.USART2_IRQHandler)
    USART6_IRQHandler                        0x080040f1   Thumb Code    34  stm32f4xx_it.o(i.USART6_IRQHandler)
    UsageFault_Handler                       0x0800411d   Thumb Code     2  stm32f4xx_it.o(i.UsageFault_Handler)
    _Error_Handler                           0x0800411f   Thumb Code     2  main.o(i._Error_Handler)
    __ARM_fpclassify                         0x08004121   Thumb Code    48  fpclassify.o(i.__ARM_fpclassify)
    __hardfp_atan                            0x08004151   Thumb Code   622  atan.o(i.__hardfp_atan)
    __kernel_poly                            0x08004429   Thumb Code   248  poly.o(i.__kernel_poly)
    __mathlib_dbl_infnan                     0x08004521   Thumb Code    20  dunder.o(i.__mathlib_dbl_infnan)
    __mathlib_dbl_underflow                  0x08004539   Thumb Code    24  dunder.o(i.__mathlib_dbl_underflow)
    __scatterload_copy                       0x08004559   Thumb Code    14  handlers.o(i.__scatterload_copy)
    __scatterload_null                       0x08004567   Thumb Code     2  handlers.o(i.__scatterload_null)
    __scatterload_zeroinit                   0x08004569   Thumb Code    14  handlers.o(i.__scatterload_zeroinit)
    cloud_motor_output                       0x08004579   Thumb Code    54  can.o(i.cloud_motor_output)
    delay_us                                 0x080045bd   Thumb Code    14  24iic.o(i.delay_us)
    fabs                                     0x080045cb   Thumb Code    24  fabs.o(i.fabs)
    get_mpu_data                             0x080045e5   Thumb Code   124  32mpu6050.o(i.get_mpu_data)
    main                                     0x08004665   Thumb Code   150  main.o(i.main)
    para_init                                0x08004715   Thumb Code   160  control.o(i.para_init)
    sendware                                 0x080047dd   Thumb Code    60  my_usart.o(i.sendware)
    telecontroller_data                      0x08004825   Thumb Code   258  control.o(i.telecontroller_data)
    AHBPrescTable                            0x08004944   Data          16  system_stm32f4xx.o(.constdata)
    APBPrescTable                            0x08004954   Data           8  system_stm32f4xx.o(.constdata)
    Region$$Table$$Base                      0x08004a00   Number         0  anon$$obj.o(Region$$Table)
    Region$$Table$$Limit                     0x08004a20   Number         0  anon$$obj.o(Region$$Table)
    SystemCoreClock                          0x20000000   Data           4  system_stm32f4xx.o(.data)
    uwTickFreq                               0x20000004   Data           1  stm32f4xx_hal.o(.data)
    uwTickPrio                               0x20000008   Data           4  stm32f4xx_hal.o(.data)
    uwTick                                   0x2000000c   Data           4  stm32f4xx_hal.o(.data)
    bodan_flag                               0x20000018   Data           1  control.o(.data)
    pitch                                    0x2000001a   Data           2  control.o(.data)
    yaw                                      0x2000001c   Data           2  control.o(.data)
    pitch_error                              0x2000001e   Data           2  control.o(.data)
    yaw_error                                0x20000020   Data           2  control.o(.data)
    pitch_error_ex                           0x20000022   Data           2  control.o(.data)
    yaw_error_ex                             0x20000024   Data           2  control.o(.data)
    bodan_count                              0x20000026   Data           2  control.o(.data)
    bodan_speed                              0x20000028   Data           2  control.o(.data)
    underpan_P                               0x2000002c   Data           4  control.o(.data)
    underpan_I                               0x20000030   Data           4  control.o(.data)
    IOUT_P                                   0x20000034   Data           4  control.o(.data)
    IOUT_I                                   0x20000038   Data           4  control.o(.data)
    cloud_p_v_P                              0x2000003c   Data           4  control.o(.data)
    cloud_p_v_I                              0x20000040   Data           4  control.o(.data)
    cloud_p_v_D                              0x20000044   Data           4  control.o(.data)
    cloud_y_v_P                              0x20000048   Data           4  control.o(.data)
    cloud_y_v_I                              0x2000004c   Data           4  control.o(.data)
    cloud_y_v_D                              0x20000050   Data           4  control.o(.data)
    dan_P                                    0x20000054   Data           4  control.o(.data)
    dan_I                                    0x20000058   Data           4  control.o(.data)
    dan_D                                    0x2000005c   Data           4  control.o(.data)
    judge                                    0x20000060   Data           3  control.o(.data)
    Timetick1ms                              0x20000063   Data           1  timer.o(.data)
    pTxMailbox                               0x20000064   Data           4  can.o(.data)
    TxData                                   0x20000068   Data           8  can.o(.data)
    cheat_ready                              0x20000070   Data           1  my_usart.o(.data)
    cheat_counter                            0x20000071   Data           1  my_usart.o(.data)
    a                                        0x20000072   Data           1  my_usart.o(.data)
    angle                                    0x20000078   Data           8  my_usart.o(.data)
    hcan1                                    0x20000080   Data          40  main.o(.bss)
    htim4                                    0x200000a8   Data          60  main.o(.bss)
    htim6                                    0x200000e4   Data          60  main.o(.bss)
    htim12                                   0x20000120   Data          60  main.o(.bss)
    huart4                                   0x2000015c   Data          64  main.o(.bss)
    huart1                                   0x2000019c   Data          64  main.o(.bss)
    huart2                                   0x200001dc   Data          64  main.o(.bss)
    huart6                                   0x2000021c   Data          64  main.o(.bss)
    hdma_usart1_rx                           0x2000025c   Data          96  main.o(.bss)
    teledata_rx                              0x200002bc   Data          18  control.o(.bss)
    tele_data                                0x200002ce   Data          22  control.o(.bss)
    underpan_para                            0x200002e4   Data         208  control.o(.bss)
    cloud_para                               0x200003b4   Data          28  control.o(.bss)
    dan_para                                 0x200003d0   Data          14  control.o(.bss)
    camera                                   0x200003de   Data          14  control.o(.bss)
    Tx1Message                               0x200003ec   Data          24  can.o(.bss)
    Rx1Message                               0x20000404   Data          28  can.o(.bss)
    data                                     0x20000420   Data          10  my_usart.o(.bss)
    cloud_pitch_speed_pid                    0x2000042c   Data          56  pid.o(.bss)
    cloud_pitch_position_pid                 0x20000464   Data          56  pid.o(.bss)
    cloud_yaw_speed_pid                      0x2000049c   Data          56  pid.o(.bss)
    cloud_yaw_position_pid                   0x200004d4   Data          56  pid.o(.bss)
    sensor                                   0x2000050c   Data          72  32mpu6050.o(.bss)
    __initial_sp                             0x20000958   Data           0  startup_stm32f427xx.o(STACK)



==============================================================================

Memory Map of the image

  Image Entry point : 0x080001ad

  Load Region LR_IROM1 (Base: 0x08000000, Size: 0x00004aa0, Max: 0x00200000, ABSOLUTE)

    Execution Region ER_IROM1 (Exec base: 0x08000000, Load base: 0x08000000, Size: 0x00004a20, Max: 0x00200000, ABSOLUTE)

    Exec Addr    Load Addr    Size         Type   Attr      Idx    E Section Name        Object

    0x08000000   0x08000000   0x000001ac   Data   RO            3    RESET               startup_stm32f427xx.o
    0x080001ac   0x080001ac   0x00000000   Code   RO         3523  * .ARM.Collect$$$$00000000  mc_w.l(entry.o)
    0x080001ac   0x080001ac   0x00000004   Code   RO         3564    .ARM.Collect$$$$00000001  mc_w.l(entry2.o)
    0x080001b0   0x080001b0   0x00000004   Code   RO         3567    .ARM.Collect$$$$00000004  mc_w.l(entry5.o)
    0x080001b4   0x080001b4   0x00000000   Code   RO         3569    .ARM.Collect$$$$00000008  mc_w.l(entry7b.o)
    0x080001b4   0x080001b4   0x00000000   Code   RO         3571    .ARM.Collect$$$$0000000A  mc_w.l(entry8b.o)
    0x080001b4   0x080001b4   0x00000008   Code   RO         3572    .ARM.Collect$$$$0000000B  mc_w.l(entry9a.o)
    0x080001bc   0x080001bc   0x00000000   Code   RO         3574    .ARM.Collect$$$$0000000D  mc_w.l(entry10a.o)
    0x080001bc   0x080001bc   0x00000000   Code   RO         3576    .ARM.Collect$$$$0000000F  mc_w.l(entry11a.o)
    0x080001bc   0x080001bc   0x00000004   Code   RO         3565    .ARM.Collect$$$$00002712  mc_w.l(entry2.o)
    0x080001c0   0x080001c0   0x00000024   Code   RO            4    .text               startup_stm32f427xx.o
    0x080001e4   0x080001e4   0x00000062   Code   RO         3526    .text               mc_w.l(uldiv.o)
    0x08000246   0x08000246   0x0000014e   Code   RO         3528    .text               mf_w.l(dadd.o)
    0x08000394   0x08000394   0x000000e4   Code   RO         3530    .text               mf_w.l(dmul.o)
    0x08000478   0x08000478   0x000000de   Code   RO         3532    .text               mf_w.l(ddiv.o)
    0x08000556   0x08000556   0x00000022   Code   RO         3534    .text               mf_w.l(dflti.o)
    0x08000578   0x08000578   0x0000003e   Code   RO         3536    .text               mf_w.l(dfixi.o)
    0x080005b6   0x080005b6   0x0000001e   Code   RO         3578    .text               mc_w.l(llshl.o)
    0x080005d4   0x080005d4   0x00000020   Code   RO         3580    .text               mc_w.l(llushr.o)
    0x080005f4   0x080005f4   0x00000024   Code   RO         3582    .text               mc_w.l(llsshr.o)
    0x08000618   0x08000618   0x00000000   Code   RO         3584    .text               mc_w.l(iusefp.o)
    0x08000618   0x08000618   0x000000ba   Code   RO         3587    .text               mf_w.l(depilogue.o)
    0x080006d2   0x080006d2   0x00000002   PAD
    0x080006d4   0x080006d4   0x00000024   Code   RO         3591    .text               mc_w.l(init.o)
    0x080006f8   0x080006f8   0x000000a4   Code   RO         3271    i.ALLPID_Init       pid.o
    0x0800079c   0x0800079c   0x00000002   Code   RO         2886    i.BusFault_Handler  stm32f4xx_it.o
    0x0800079e   0x0800079e   0x00000002   PAD
    0x080007a0   0x080007a0   0x0000003c   Code   RO         3175    i.CAN1_Init         can.o
    0x080007dc   0x080007dc   0x00000030   Code   RO         2887    i.CAN1_RX0_IRQHandler  stm32f4xx_it.o
    0x0800080c   0x0800080c   0x0000000c   Code   RO         2888    i.CAN1_TX_IRQHandler  stm32f4xx_it.o
    0x08000818   0x08000818   0x0000026c   Code   RO         3176    i.CAN_Getdata       can.o
    0x08000a84   0x08000a84   0x0000006c   Code   RO         3272    i.Cloud_Position    pid.o
    0x08000af0   0x08000af0   0x00000048   Code   RO         3273    i.Cloud_Speed       pid.o
    0x08000b38   0x08000b38   0x00000014   Code   RO         2889    i.DMA2_Stream2_IRQHandler  stm32f4xx_it.o
    0x08000b4c   0x08000b4c   0x0000002c   Code   RO          401    i.DMA_CalcBaseAndBitshift  stm32f4xx_hal_dma.o
    0x08000b78   0x08000b78   0x00000078   Code   RO          402    i.DMA_CheckFifoParam  stm32f4xx_hal_dma.o
    0x08000bf0   0x08000bf0   0x0000002a   Code   RO          403    i.DMA_SetConfig     stm32f4xx_hal_dma.o
    0x08000c1a   0x08000c1a   0x00000002   Code   RO         2890    i.DebugMon_Handler  stm32f4xx_it.o
    0x08000c1c   0x08000c1c   0x00000068   Code   RO         3397    i.Gyro_OFFEST       32mpu6050.o
    0x08000c84   0x08000c84   0x00000028   Code   RO         1158    i.HAL_CAN_ActivateNotification  stm32f4xx_hal_can.o
    0x08000cac   0x08000cac   0x000000e8   Code   RO         1159    i.HAL_CAN_AddTxMessage  stm32f4xx_hal_can.o
    0x08000d94   0x08000d94   0x00000110   Code   RO         1160    i.HAL_CAN_ConfigFilter  stm32f4xx_hal_can.o
    0x08000ea4   0x08000ea4   0x00000002   Code   RO         1163    i.HAL_CAN_ErrorCallback  stm32f4xx_hal_can.o
    0x08000ea6   0x08000ea6   0x00000114   Code   RO         1166    i.HAL_CAN_GetRxMessage  stm32f4xx_hal_can.o
    0x08000fba   0x08000fba   0x000001fc   Code   RO         1170    i.HAL_CAN_IRQHandler  stm32f4xx_hal_can.o
    0x080011b6   0x080011b6   0x00000152   Code   RO         1171    i.HAL_CAN_Init      stm32f4xx_hal_can.o
    0x08001308   0x08001308   0x00000068   Code   RO         3008    i.HAL_CAN_MspInit   stm32f4xx_hal_msp.o
    0x08001370   0x08001370   0x00000002   Code   RO         1178    i.HAL_CAN_RxFifo0FullCallback  stm32f4xx_hal_can.o
    0x08001372   0x08001372   0x00000002   Code   RO         1179    i.HAL_CAN_RxFifo0MsgPendingCallback  stm32f4xx_hal_can.o
    0x08001374   0x08001374   0x00000002   Code   RO         1180    i.HAL_CAN_RxFifo1FullCallback  stm32f4xx_hal_can.o
    0x08001376   0x08001376   0x00000002   Code   RO         1181    i.HAL_CAN_RxFifo1MsgPendingCallback  stm32f4xx_hal_can.o
    0x08001378   0x08001378   0x00000002   Code   RO         1182    i.HAL_CAN_SleepCallback  stm32f4xx_hal_can.o
    0x0800137a   0x0800137a   0x00000058   Code   RO         1183    i.HAL_CAN_Start     stm32f4xx_hal_can.o
    0x080013d2   0x080013d2   0x00000002   Code   RO         1185    i.HAL_CAN_TxMailbox0AbortCallback  stm32f4xx_hal_can.o
    0x080013d4   0x080013d4   0x00000002   Code   RO         1186    i.HAL_CAN_TxMailbox0CompleteCallback  stm32f4xx_hal_can.o
    0x080013d6   0x080013d6   0x00000002   Code   RO         1187    i.HAL_CAN_TxMailbox1AbortCallback  stm32f4xx_hal_can.o
    0x080013d8   0x080013d8   0x00000002   Code   RO         1188    i.HAL_CAN_TxMailbox1CompleteCallback  stm32f4xx_hal_can.o
    0x080013da   0x080013da   0x00000002   Code   RO         1189    i.HAL_CAN_TxMailbox2AbortCallback  stm32f4xx_hal_can.o
    0x080013dc   0x080013dc   0x00000002   Code   RO         1190    i.HAL_CAN_TxMailbox2CompleteCallback  stm32f4xx_hal_can.o
    0x080013de   0x080013de   0x00000002   Code   RO         1192    i.HAL_CAN_WakeUpFromRxMsgCallback  stm32f4xx_hal_can.o
    0x080013e0   0x080013e0   0x00000024   Code   RO          405    i.HAL_DMA_Abort_IT  stm32f4xx_hal_dma.o
    0x08001404   0x08001404   0x000001d0   Code   RO          409    i.HAL_DMA_IRQHandler  stm32f4xx_hal_dma.o
    0x080015d4   0x080015d4   0x000000d4   Code   RO          410    i.HAL_DMA_Init      stm32f4xx_hal_dma.o
    0x080016a8   0x080016a8   0x00000078   Code   RO          414    i.HAL_DMA_Start_IT  stm32f4xx_hal_dma.o
    0x08001720   0x08001720   0x00000024   Code   RO          808    i.HAL_Delay         stm32f4xx_hal.o
    0x08001744   0x08001744   0x000001e0   Code   RO         1094    i.HAL_GPIO_Init     stm32f4xx_hal_gpio.o
    0x08001924   0x08001924   0x0000000e   Code   RO         1098    i.HAL_GPIO_WritePin  stm32f4xx_hal_gpio.o
    0x08001932   0x08001932   0x00000002   PAD
    0x08001934   0x08001934   0x0000000c   Code   RO          816    i.HAL_GetTick       stm32f4xx_hal.o
    0x08001940   0x08001940   0x00000010   Code   RO          820    i.HAL_IncTick       stm32f4xx_hal.o
    0x08001950   0x08001950   0x00000034   Code   RO          821    i.HAL_Init          stm32f4xx_hal.o
    0x08001984   0x08001984   0x00000044   Code   RO          822    i.HAL_InitTick      stm32f4xx_hal.o
    0x080019c8   0x080019c8   0x00000084   Code   RO         3009    i.HAL_MspInit       stm32f4xx_hal_msp.o
    0x08001a4c   0x08001a4c   0x00000090   Code   RO         1637    i.HAL_MultiProcessor_Init  stm32f4xx_hal_uart.o
    0x08001adc   0x08001adc   0x00000016   Code   RO          149    i.HAL_NVIC_EnableIRQ  stm32f4xx_hal_cortex.o
    0x08001af2   0x08001af2   0x00000002   PAD
    0x08001af4   0x08001af4   0x00000040   Code   RO          155    i.HAL_NVIC_SetPriority  stm32f4xx_hal_cortex.o
    0x08001b34   0x08001b34   0x00000024   Code   RO          156    i.HAL_NVIC_SetPriorityGrouping  stm32f4xx_hal_cortex.o
    0x08001b58   0x08001b58   0x00000144   Code   RO          700    i.HAL_RCC_ClockConfig  stm32f4xx_hal_rcc.o
    0x08001c9c   0x08001c9c   0x0000000c   Code   RO          705    i.HAL_RCC_GetHCLKFreq  stm32f4xx_hal_rcc.o
    0x08001ca8   0x08001ca8   0x00000020   Code   RO          707    i.HAL_RCC_GetPCLK1Freq  stm32f4xx_hal_rcc.o
    0x08001cc8   0x08001cc8   0x00000020   Code   RO          708    i.HAL_RCC_GetPCLK2Freq  stm32f4xx_hal_rcc.o
    0x08001ce8   0x08001ce8   0x0000006c   Code   RO          709    i.HAL_RCC_GetSysClockFreq  stm32f4xx_hal_rcc.o
    0x08001d54   0x08001d54   0x00000390   Code   RO          712    i.HAL_RCC_OscConfig  stm32f4xx_hal_rcc.o
    0x080020e4   0x080020e4   0x0000001c   Code   RO          158    i.HAL_SYSTICK_CLKSourceConfig  stm32f4xx_hal_cortex.o
    0x08002100   0x08002100   0x00000002   Code   RO          159    i.HAL_SYSTICK_Callback  stm32f4xx_hal_cortex.o
    0x08002102   0x08002102   0x00000028   Code   RO          160    i.HAL_SYSTICK_Config  stm32f4xx_hal_cortex.o
    0x0800212a   0x0800212a   0x00000008   Code   RO          161    i.HAL_SYSTICK_IRQHandler  stm32f4xx_hal_cortex.o
    0x08002132   0x08002132   0x00000002   Code   RO         1391    i.HAL_TIMEx_BreakCallback  stm32f4xx_hal_tim_ex.o
    0x08002134   0x08002134   0x00000002   Code   RO         1392    i.HAL_TIMEx_CommutationCallback  stm32f4xx_hal_tim_ex.o
    0x08002136   0x08002136   0x00000050   Code   RO         1408    i.HAL_TIMEx_MasterConfigSynchronization  stm32f4xx_hal_tim_ex.o
    0x08002186   0x08002186   0x00000038   Code   RO         1963    i.HAL_TIM_Base_Init  stm32f4xx_hal_tim.o
    0x080021be   0x080021be   0x00000002   PAD
    0x080021c0   0x080021c0   0x00000060   Code   RO         3011    i.HAL_TIM_Base_MspInit  stm32f4xx_hal_msp.o
    0x08002220   0x08002220   0x00000018   Code   RO         1968    i.HAL_TIM_Base_Start_IT  stm32f4xx_hal_tim.o
    0x08002238   0x08002238   0x0000010e   Code   RO         1972    i.HAL_TIM_ConfigClockSource  stm32f4xx_hal_tim.o
    0x08002346   0x08002346   0x00000002   Code   RO         1992    i.HAL_TIM_IC_CaptureCallback  stm32f4xx_hal_tim.o
    0x08002348   0x08002348   0x0000016e   Code   RO         2005    i.HAL_TIM_IRQHandler  stm32f4xx_hal_tim.o
    0x080024b6   0x080024b6   0x00000002   PAD
    0x080024b8   0x080024b8   0x00000058   Code   RO         3012    i.HAL_TIM_MspPostInit  stm32f4xx_hal_msp.o
    0x08002510   0x08002510   0x00000002   Code   RO         2008    i.HAL_TIM_OC_DelayElapsedCallback  stm32f4xx_hal_tim.o
    0x08002512   0x08002512   0x000000da   Code   RO         2029    i.HAL_TIM_PWM_ConfigChannel  stm32f4xx_hal_tim.o
    0x080025ec   0x080025ec   0x00000038   Code   RO         2032    i.HAL_TIM_PWM_Init  stm32f4xx_hal_tim.o
    0x08002624   0x08002624   0x00000002   Code   RO         2034    i.HAL_TIM_PWM_MspInit  stm32f4xx_hal_tim.o
    0x08002626   0x08002626   0x00000002   Code   RO         2035    i.HAL_TIM_PWM_PulseFinishedCallback  stm32f4xx_hal_tim.o
    0x08002628   0x08002628   0x00000002   Code   RO         2042    i.HAL_TIM_PeriodElapsedCallback  stm32f4xx_hal_tim.o
    0x0800262a   0x0800262a   0x00000002   Code   RO         2046    i.HAL_TIM_TriggerCallback  stm32f4xx_hal_tim.o
    0x0800262c   0x0800262c   0x00000020   Code   RO         3226    i.HAL_UART_ErrorCallback  my_usart.o
    0x0800264c   0x0800264c   0x0000000c   Code   RO         1653    i.HAL_UART_GetState  stm32f4xx_hal_uart.o
    0x08002658   0x08002658   0x00000110   Code   RO         1654    i.HAL_UART_IRQHandler  stm32f4xx_hal_uart.o
    0x08002768   0x08002768   0x00000064   Code   RO         1655    i.HAL_UART_Init     stm32f4xx_hal_uart.o
    0x080027cc   0x080027cc   0x000001a0   Code   RO         3014    i.HAL_UART_MspInit  stm32f4xx_hal_msp.o
    0x0800296c   0x0800296c   0x0000009c   Code   RO         1659    i.HAL_UART_Receive_DMA  stm32f4xx_hal_uart.o
    0x08002a08   0x08002a08   0x0000004c   Code   RO         1660    i.HAL_UART_Receive_IT  stm32f4xx_hal_uart.o
    0x08002a54   0x08002a54   0x000001dc   Code   RO         3227    i.HAL_UART_RxCpltCallback  my_usart.o
    0x08002c30   0x08002c30   0x00000002   Code   RO         1662    i.HAL_UART_RxHalfCpltCallback  stm32f4xx_hal_uart.o
    0x08002c32   0x08002c32   0x000000cc   Code   RO         1663    i.HAL_UART_Transmit  stm32f4xx_hal_uart.o
    0x08002cfe   0x08002cfe   0x00000002   Code   RO         1666    i.HAL_UART_TxCpltCallback  stm32f4xx_hal_uart.o
    0x08002d00   0x08002d00   0x00000002   Code   RO         2891    i.HardFault_Handler  stm32f4xx_it.o
    0x08002d02   0x08002d02   0x00000002   PAD
    0x08002d04   0x08002d04   0x00000038   Code   RO         3325    i.IIC_Ack           24iic.o
    0x08002d3c   0x08002d3c   0x00000044   Code   RO         3326    i.IIC_Init          24iic.o
    0x08002d80   0x08002d80   0x00000038   Code   RO         3327    i.IIC_NAck          24iic.o
    0x08002db8   0x08002db8   0x00000060   Code   RO         3328    i.IIC_Read_Byte     24iic.o
    0x08002e18   0x08002e18   0x00000058   Code   RO         3329    i.IIC_Send_Byte     24iic.o
    0x08002e70   0x08002e70   0x00000038   Code   RO         3330    i.IIC_Start         24iic.o
    0x08002ea8   0x08002ea8   0x0000003c   Code   RO         3331    i.IIC_Stop          24iic.o
    0x08002ee4   0x08002ee4   0x00000054   Code   RO         3332    i.IIC_Wait_Ack      24iic.o
    0x08002f38   0x08002f38   0x0000007a   Code   RO         3398    i.MPU6050_Init      32mpu6050.o
    0x08002fb2   0x08002fb2   0x00000044   Code   RO         3399    i.MPU_Get_Accelerometer  32mpu6050.o
    0x08002ff6   0x08002ff6   0x00000044   Code   RO         3400    i.MPU_Get_Gyroscope  32mpu6050.o
    0x0800303a   0x0800303a   0x0000003a   Code   RO         3402    i.MPU_Read_Byte     32mpu6050.o
    0x08003074   0x08003074   0x00000070   Code   RO         3403    i.MPU_Read_Len      32mpu6050.o
    0x080030e4   0x080030e4   0x0000000a   Code   RO         3404    i.MPU_Set_Accel_Fsr  32mpu6050.o
    0x080030ee   0x080030ee   0x0000000a   Code   RO         3405    i.MPU_Set_Gyro_Fsr  32mpu6050.o
    0x080030f8   0x080030f8   0x00000030   Code   RO         3406    i.MPU_Set_LPF       32mpu6050.o
    0x08003128   0x08003128   0x0000002c   Code   RO         3407    i.MPU_Set_Rate      32mpu6050.o
    0x08003154   0x08003154   0x00000044   Code   RO         3408    i.MPU_Write_Byte    32mpu6050.o
    0x08003198   0x08003198   0x00000058   Code   RO         2770    i.MX_CAN1_Init      main.o
    0x080031f0   0x080031f0   0x0000001c   Code   RO         2771    i.MX_DMA_Init       main.o
    0x0800320c   0x0800320c   0x00000098   Code   RO         2772    i.MX_GPIO_Init      main.o
    0x080032a4   0x080032a4   0x00000036   Code   RO         2773    i.MX_NVIC_Init      main.o
    0x080032da   0x080032da   0x00000002   PAD
    0x080032dc   0x080032dc   0x000000b4   Code   RO         2774    i.MX_TIM12_Init     main.o
    0x08003390   0x08003390   0x000000b4   Code   RO         2775    i.MX_TIM4_Init      main.o
    0x08003444   0x08003444   0x0000005c   Code   RO         2776    i.MX_TIM6_Init      main.o
    0x080034a0   0x080034a0   0x0000004c   Code   RO         2777    i.MX_UART4_Init     main.o
    0x080034ec   0x080034ec   0x00000050   Code   RO         2778    i.MX_USART1_UART_Init  main.o
    0x0800353c   0x0800353c   0x00000050   Code   RO         2779    i.MX_USART2_UART_Init  main.o
    0x0800358c   0x0800358c   0x00000050   Code   RO         2780    i.MX_USART6_UART_Init  main.o
    0x080035dc   0x080035dc   0x00000002   Code   RO         2892    i.MemManage_Handler  stm32f4xx_it.o
    0x080035de   0x080035de   0x00000002   Code   RO         2893    i.NMI_Handler       stm32f4xx_it.o
    0x080035e0   0x080035e0   0x00000020   Code   RO          162    i.NVIC_SetPriority  stm32f4xx_hal_cortex.o
    0x08003600   0x08003600   0x000000e0   Code   RO         3274    i.PID_Calc          pid.o
    0x080036e0   0x080036e0   0x00000024   Code   RO         3275    i.PID_Init          pid.o
    0x08003704   0x08003704   0x00000002   Code   RO         2894    i.PendSV_Handler    stm32f4xx_it.o
    0x08003706   0x08003706   0x00000002   Code   RO         2895    i.SVC_Handler       stm32f4xx_it.o
    0x08003708   0x08003708   0x0000000e   Code   RO         2896    i.SysTick_Handler   stm32f4xx_it.o
    0x08003716   0x08003716   0x00000002   PAD
    0x08003718   0x08003718   0x000000bc   Code   RO         2781    i.SystemClock_Config  main.o
    0x080037d4   0x080037d4   0x00000054   Code   RO           14    i.SystemInit        system_stm32f4xx.o
    0x08003828   0x08003828   0x00000014   Code   RO         2897    i.TIM6_DAC_IRQHandler  stm32f4xx_it.o
    0x0800383c   0x0800383c   0x000000c4   Code   RO         2047    i.TIM_Base_SetConfig  stm32f4xx_hal_tim.o
    0x08003900   0x08003900   0x00000014   Code   RO         2054    i.TIM_ETR_SetConfig  stm32f4xx_hal_tim.o
    0x08003914   0x08003914   0x00000010   Code   RO         2055    i.TIM_ITRx_SetConfig  stm32f4xx_hal_tim.o
    0x08003924   0x08003924   0x00000060   Code   RO         2056    i.TIM_OC1_SetConfig  stm32f4xx_hal_tim.o
    0x08003984   0x08003984   0x0000006c   Code   RO         2057    i.TIM_OC2_SetConfig  stm32f4xx_hal_tim.o
    0x080039f0   0x080039f0   0x00000068   Code   RO         2058    i.TIM_OC3_SetConfig  stm32f4xx_hal_tim.o
    0x08003a58   0x08003a58   0x00000054   Code   RO         2059    i.TIM_OC4_SetConfig  stm32f4xx_hal_tim.o
    0x08003aac   0x08003aac   0x00000022   Code   RO         2061    i.TIM_TI1_ConfigInputStage  stm32f4xx_hal_tim.o
    0x08003ace   0x08003ace   0x00000024   Code   RO         2063    i.TIM_TI2_ConfigInputStage  stm32f4xx_hal_tim.o
    0x08003af2   0x08003af2   0x00000002   PAD
    0x08003af4   0x08003af4   0x00000074   Code   RO         3144    i.Test_task         timer.o
    0x08003b68   0x08003b68   0x00000010   Code   RO         1668    i.UART_DMAAbortOnError  stm32f4xx_hal_uart.o
    0x08003b78   0x08003b78   0x0000004a   Code   RO         1669    i.UART_DMAError     stm32f4xx_hal_uart.o
    0x08003bc2   0x08003bc2   0x0000003c   Code   RO         1670    i.UART_DMAReceiveCplt  stm32f4xx_hal_uart.o
    0x08003bfe   0x08003bfe   0x0000000a   Code   RO         1672    i.UART_DMARxHalfCplt  stm32f4xx_hal_uart.o
    0x08003c08   0x08003c08   0x0000001c   Code   RO         1678    i.UART_EndRxTransfer  stm32f4xx_hal_uart.o
    0x08003c24   0x08003c24   0x0000001a   Code   RO         1679    i.UART_EndTransmit_IT  stm32f4xx_hal_uart.o
    0x08003c3e   0x08003c3e   0x00000012   Code   RO         1680    i.UART_EndTxTransfer  stm32f4xx_hal_uart.o
    0x08003c50   0x08003c50   0x00000092   Code   RO         1681    i.UART_Receive_IT   stm32f4xx_hal_uart.o
    0x08003ce2   0x08003ce2   0x00000002   PAD
    0x08003ce4   0x08003ce4   0x00000314   Code   RO         1682    i.UART_SetConfig    stm32f4xx_hal_uart.o
    0x08003ff8   0x08003ff8   0x00000066   Code   RO         1683    i.UART_Transmit_IT  stm32f4xx_hal_uart.o
    0x0800405e   0x0800405e   0x00000064   Code   RO         1684    i.UART_WaitOnFlagUntilTimeout  stm32f4xx_hal_uart.o
    0x080040c2   0x080040c2   0x00000002   PAD
    0x080040c4   0x080040c4   0x0000002c   Code   RO         2898    i.USART2_IRQHandler  stm32f4xx_it.o
    0x080040f0   0x080040f0   0x0000002c   Code   RO         2899    i.USART6_IRQHandler  stm32f4xx_it.o
    0x0800411c   0x0800411c   0x00000002   Code   RO         2900    i.UsageFault_Handler  stm32f4xx_it.o
    0x0800411e   0x0800411e   0x00000002   Code   RO         2782    i._Error_Handler    main.o
    0x08004120   0x08004120   0x00000030   Code   RO         3560    i.__ARM_fpclassify  m_wm.l(fpclassify.o)
    0x08004150   0x08004150   0x000002d8   Code   RO         3509    i.__hardfp_atan     m_wm.l(atan.o)
    0x08004428   0x08004428   0x000000f8   Code   RO         3562    i.__kernel_poly     m_wm.l(poly.o)
    0x08004520   0x08004520   0x00000014   Code   RO         3541    i.__mathlib_dbl_infnan  m_wm.l(dunder.o)
    0x08004534   0x08004534   0x00000004   PAD
    0x08004538   0x08004538   0x00000020   Code   RO         3546    i.__mathlib_dbl_underflow  m_wm.l(dunder.o)
    0x08004558   0x08004558   0x0000000e   Code   RO         3595    i.__scatterload_copy  mc_w.l(handlers.o)
    0x08004566   0x08004566   0x00000002   Code   RO         3596    i.__scatterload_null  mc_w.l(handlers.o)
    0x08004568   0x08004568   0x0000000e   Code   RO         3597    i.__scatterload_zeroinit  mc_w.l(handlers.o)
    0x08004576   0x08004576   0x00000002   PAD
    0x08004578   0x08004578   0x00000044   Code   RO         3177    i.cloud_motor_output  can.o
    0x080045bc   0x080045bc   0x0000000e   Code   RO         3333    i.delay_us          24iic.o
    0x080045ca   0x080045ca   0x00000018   Code   RO         3556    i.fabs              m_wm.l(fabs.o)
    0x080045e2   0x080045e2   0x00000002   PAD
    0x080045e4   0x080045e4   0x00000080   Code   RO         3410    i.get_mpu_data      32mpu6050.o
    0x08004664   0x08004664   0x000000b0   Code   RO         2783    i.main              main.o
    0x08004714   0x08004714   0x000000c8   Code   RO         3077    i.para_init         control.o
    0x080047dc   0x080047dc   0x00000048   Code   RO         3228    i.sendware          my_usart.o
    0x08004824   0x08004824   0x00000120   Code   RO         3078    i.telecontroller_data  control.o
    0x08004944   0x08004944   0x00000010   Data   RO           15    .constdata          system_stm32f4xx.o
    0x08004954   0x08004954   0x00000008   Data   RO           16    .constdata          system_stm32f4xx.o
    0x0800495c   0x0800495c   0x00000008   Data   RO          416    .constdata          stm32f4xx_hal_dma.o
    0x08004964   0x08004964   0x00000004   PAD
    0x08004968   0x08004968   0x00000098   Data   RO         3512    .constdata          m_wm.l(atan.o)
    0x08004a00   0x08004a00   0x00000020   Data   RO         3593    Region$$Table       anon$$obj.o


    Execution Region RW_IRAM1 (Exec base: 0x20000000, Load base: 0x08004a20, Size: 0x00000958, Max: 0x00030000, ABSOLUTE)

    Exec Addr    Load Addr    Size         Type   Attr      Idx    E Section Name        Object

    0x20000000   0x08004a20   0x00000004   Data   RW           17    .data               system_stm32f4xx.o
    0x20000004   0x08004a24   0x0000000c   Data   RW          828    .data               stm32f4xx_hal.o
    0x20000010   0x08004a30   0x00000008   Data   RW         2901    .data               stm32f4xx_it.o
    0x20000018   0x08004a38   0x00000048   Data   RW         3082    .data               control.o
    0x20000060   0x08004a80   0x00000003   Data   RW         3083    .data               control.o
    0x20000063   0x08004a83   0x00000001   Data   RW         3145    .data               timer.o
    0x20000064   0x08004a84   0x0000000c   Data   RW         3181    .data               can.o
    0x20000070   0x08004a90   0x00000010   Data   RW         3230    .data               my_usart.o
    0x20000080        -       0x000001dc   Zero   RW         2784    .bss                main.o
    0x2000025c        -       0x00000060   Zero   RW         2785    .bss                main.o
    0x200002bc        -       0x00000122   Zero   RW         3080    .bss                control.o
    0x200003de        -       0x0000000e   Zero   RW         3081    .bss                control.o
    0x200003ec        -       0x00000018   Zero   RW         3179    .bss                can.o
    0x20000404        -       0x0000001c   Zero   RW         3180    .bss                can.o
    0x20000420        -       0x0000000a   Zero   RW         3229    .bss                my_usart.o
    0x2000042a   0x08004aa0   0x00000002   PAD
    0x2000042c        -       0x000000e0   Zero   RW         3276    .bss                pid.o
    0x2000050c        -       0x00000048   Zero   RW         3411    .bss                32mpu6050.o
    0x20000554   0x08004aa0   0x00000004   PAD
    0x20000558        -       0x00000400   Zero   RW            1    STACK               startup_stm32f427xx.o


==============================================================================

Image component sizes


      Code (inc. data)   RO Data    RW Data    ZI Data      Debug   Object Name

       578         74          0          0          0       5157   24iic.o
       840          8          0          0         72      10181   32mpu6050.o
       748         38          0         12         52       2893   can.o
       488         70          0         75        304       4210   control.o
      1456        272          0          0        572       8015   main.o
       580         82          0         16         10       2970   my_usart.o
       604         82          0          0        224       3927   pid.o
        36          8        428          0       1024        816   startup_stm32f427xx.o
       184         28          0         12          0       4441   stm32f4xx_hal.o
      1780          6          0          0          0      14523   stm32f4xx_hal_can.o
       232         14          0          0          0      32053   stm32f4xx_hal_cortex.o
      1038         14          8          0          0       6502   stm32f4xx_hal_dma.o
       494         54          0          0          0       2452   stm32f4xx_hal_gpio.o
       836        126          0          0          0       3925   stm32f4xx_hal_msp.o
      1420         72          0          0          0       6060   stm32f4xx_hal_rcc.o
      1696         80          0          0          0      15160   stm32f4xx_hal_tim.o
        84          0          0          0          0       2302   stm32f4xx_hal_tim_ex.o
      2336         26          0          0          0      14909   stm32f4xx_hal_uart.o
       218         48          0          8          0       7427   stm32f4xx_it.o
        84         18         24          4          0     739251   system_stm32f4xx.o
       116         22          0          1          0        710   timer.o

    ----------------------------------------------------------------------
     15870       1142        496        128       2264     887884   Object Totals
         0          0         32          0          0          0   (incl. Generated)
        22          0          4          0          6          0   (incl. Padding)

    ----------------------------------------------------------------------

      Code (inc. data)   RO Data    RW Data    ZI Data      Debug   Library Member Name

       728        106        152          0          0        228   atan.o
        52          8          0          0          0        248   dunder.o
        24          0          0          0          0        124   fabs.o
        48          0          0          0          0        124   fpclassify.o
       248          0          0          0          0        152   poly.o
         0          0          0          0          0          0   entry.o
         0          0          0          0          0          0   entry10a.o
         0          0          0          0          0          0   entry11a.o
         8          4          0          0          0          0   entry2.o
         4          0          0          0          0          0   entry5.o
         0          0          0          0          0          0   entry7b.o
         0          0          0          0          0          0   entry8b.o
         8          4          0          0          0          0   entry9a.o
        30          0          0          0          0          0   handlers.o
        36          8          0          0          0         68   init.o
         0          0          0          0          0          0   iusefp.o
        30          0          0          0          0         68   llshl.o
        36          0          0          0          0         68   llsshr.o
        32          0          0          0          0         68   llushr.o
        98          0          0          0          0         92   uldiv.o
       334          0          0          0          0        148   dadd.o
       222          0          0          0          0        100   ddiv.o
       186          0          0          0          0        176   depilogue.o
        62          0          0          0          0         80   dfixi.o
        34          0          0          0          0         76   dflti.o
       228          0          0          0          0         96   dmul.o

    ----------------------------------------------------------------------
      2458        130        152          0          0       1916   Library Totals
        10          0          0          0          0          0   (incl. Padding)

    ----------------------------------------------------------------------

      Code (inc. data)   RO Data    RW Data    ZI Data      Debug   Library Name

      1100        114        152          0          0        876   m_wm.l
       282         16          0          0          0        364   mc_w.l
      1066          0          0          0          0        676   mf_w.l

    ----------------------------------------------------------------------
      2458        130        152          0          0       1916   Library Totals

    ----------------------------------------------------------------------

==============================================================================


      Code (inc. data)   RO Data    RW Data    ZI Data      Debug   

     18328       1272        648        128       2264     873836   Grand Totals
     18328       1272        648        128       2264     873836   ELF Image Totals
     18328       1272        648        128          0          0   ROM Totals

==============================================================================

    Total RO  Size (Code + RO Data)                18976 (  18.53kB)
    Total RW  Size (RW Data + ZI Data)              2392 (   2.34kB)
    Total ROM Size (Code + RO Data + RW Data)      19104 (  18.66kB)

==============================================================================

